base referer
rect ../index.html?filename=HEAD/authors.html 365,5 437,29
rect ../index.html?filename=HEAD/kdevelop.html 109,172 272,196
rect ../index.html?filename=HEAD/branches_compiling.html 323,39 480,63
rect ../index.html?filename=HEAD/changes.html 335,72 468,96
rect ../HEAD/doc/api/ 356,105 447,129
rect ../HEAD/doc/platform/ 365,139 437,163
rect ../index.html?filename=HEAD/download.html 337,172 465,196
rect ../index.html?filename=HEAD/faq.html 305,205 497,229
rect ../index.html?filename=HEAD/features.html 333,239 469,263
rect ../index.html?filename=HEAD/requirements.html 364,272 439,296
rect ../index.html?filename=HEAD/screenshots1.html 320,305 483,329
rect ../index.html?filename=HEAD/ChangeLog.html 519,72 793,96
rect ../index.html?filename=main.html 5,805 77,829
rect ../index.html?filename=3.5/kdevelop.html 131,405 251,429
rect ../index.html?filename=main2007.html 155,439 227,463
rect ../index.html?filename=awards.html 155,472 227,496
rect ../index.html?filename=bugs.html 148,505 233,529
rect ../chat/ 152,539 229,563
rect ../index.html?filename=current_work.html 155,572 227,596
rect ../index.html?filename=doc/technotes/index.html 135,605 247,629
rect ../index.html?filename=in_the_press.html 155,639 227,663
rect ../index.html?filename=join-the-team.html 149,672 232,696
rect ../index.html?filename=license.html 155,705 227,729
rect ../index.html?filename=links_development.html 129,739 252,763
rect ../index.html?filename=links_tools.html 131,772 251,796
rect ../index.html?filename=logos_banners.html 151,805 231,829
rect ../index.html?filename=mailinglist.html 155,839 227,863
rect ../mediawiki/ 155,872 227,896
rect ../index.html?filename=website_translation_status.html 96,905 285,929
rect ../phorum5/ 155,939 227,963
rect ../index.html?filename=pic_corner.html 155,972 227,996
rect ../index.html?filename=splashscreens.html 145,1005 236,1029
rect ../index.html?filename=sponsors.html 155,1039 227,1063
rect ../index.html?filename=stats.html 128,1072 253,1096
rect ../index.html?filename=tutorials.html 152,1105 229,1129
rect ../index.html?filename=upload.html 155,1139 227,1163
rect ../index.html?filename=users.html 143,1172 239,1196
rect ../index.html?filename=versions.html 144,1888 237,1912
rect ../index.html?filename=events.html 155,2920 227,2944
rect ../index.html?filename=HEAD/screenshots2.html 575,289 737,313
rect ../index.html?filename=HEAD/screenshots3.html 575,323 737,347
rect ../index.html?filename=3.5/authors.html 365,339 437,363
rect ../index.html?filename=3.5/branches_compiling.html 325,372 477,396
rect ../index.html?filename=3.5/changes.html 363,405 440,429
rect ../index.html?filename=3.5/download.html 363,439 440,463
rect ../index.html?filename=3.5/requirements.html 365,472 437,496
rect ../index.html?filename=3.5/ChangeLog.html 548,405 764,429
rect ../index.html?filename=main1999.html 887,423 959,447
rect ../index.html?filename=main2005.html 620,505 692,529
rect ../index.html?filename=main2000.html 887,456 959,480
rect ../index.html?filename=main2001.html 887,489 959,513
rect ../index.html?filename=main2002.html 887,523 959,547
rect ../index.html?filename=main2003.html 887,556 959,580
rect ../index.html?filename=main2004.html 887,589 959,613
rect ../index.html?filename=main2006.html 365,505 437,529
rect ../index.html?filename=optional_files_translation_status.html 307,905 496,929
rect ../3.0/doc/kmditutorial/index.html 353,1021 449,1045
rect ../index.html?filename=3.0/doc/tutorial_autoconf.html 307,1055 496,1079
rect ../3.0/doc/tutorial_qtopia/index.html 352,1088 451,1112
rect ../3.0/doc/tutorial_settings/index.html 304,1121 499,1145
rect ../index.html?filename=3.4/kdevelop.html 341,1155 461,1179
rect ../index.html?filename=3.3/kdevelop.html 341,1420 461,1444
rect ../index.html?filename=3.2/kdevelop.html 341,1737 461,1761
rect ../index.html?filename=3.1/kdevelop.html 341,2037 461,2061
rect ../index.html?filename=3.0/kdevelop.html 341,2371 461,2395
rect ../index.html?filename=2.1/kdevelop.html 344,2637 459,2661
rect ../index.html?filename=1.3/kdevelop.html 347,2837 456,2861
rect ../index.html?filename=3.4/announce-kdevelop-3.4.html 612,971 700,995
rect ../index.html?filename=3.4/authors.html 620,1004 692,1028
rect ../index.html?filename=3.4/branches_compiling.html 580,1037 732,1061
rect ../index.html?filename=3.4/changes.html 617,1071 695,1095
rect ../index.html?filename=3.4/download.html 617,1104 695,1128
rect ../index.html?filename=3.4/faq.html 620,1137 692,1161
rect ../index.html?filename=3.4/features.html 611,1171 701,1195
rect ../index.html?filename=3.4/requirements.html 620,1204 692,1228
rect ../index.html?filename=3.4/screenshots1.html 584,1237 728,1261
rect ../index.html?filename=3.4/ChangeLog.html 815,1071 1031,1095
rect ../index.html?filename=3.4/screenshots2.html 851,1221 995,1245
rect ../index.html?filename=3.4/screenshots3.html 851,1255 995,1279
rect ../index.html?filename=3.3/announce-kdevelop-3.3.html 612,1271 700,1295
rect ../index.html?filename=3.3/authors.html 620,1304 692,1328
rect ../index.html?filename=3.3/branches_compiling.html 580,1337 732,1361
rect ../index.html?filename=3.3/changes.html 617,1371 695,1395
rect ../index.html?filename=3.3/download.html 617,1404 695,1428
rect ../index.html?filename=3.3/faq.html 620,1437 692,1461
rect ../index.html?filename=3.3/features.html 611,1471 701,1495
rect ../index.html?filename=3.3/requirements.html 620,1504 692,1528
rect ../index.html?filename=3.3/screenshots1.html 584,1537 728,1561
rect ../index.html?filename=3.3/ChangeLog.html 815,1371 1031,1395
rect ../index.html?filename=3.3/screenshots2.html 851,1521 995,1545
rect ../index.html?filename=3.3/screenshots3.html 851,1555 995,1579
rect ../index.html?filename=3.2/announce-kdevelop-3.2.html 612,1571 700,1595
rect ../index.html?filename=3.2/authors.html 620,1604 692,1628
rect ../index.html?filename=3.2/branches_compiling.html 580,1637 732,1661
rect ../index.html?filename=3.2/changes.html 617,1671 695,1695
rect ../index.html?filename=3.2/download.html 617,1704 695,1728
rect ../index.html?filename=3.2/faq.html 620,1737 692,1761
rect ../index.html?filename=3.2/features.html 611,1771 701,1795
rect ../index.html?filename=3.2/kdevelop_po_status.html 564,1804 748,1828
rect ../index.html?filename=3.2/requirements.html 620,1837 692,1861
rect ../index.html?filename=3.2/screenshots1.html 584,1871 728,1895
rect ../index.html?filename=3.2/screenshots2.html 851,1853 995,1877
rect ../index.html?filename=3.2/screenshots3.html 851,1887 995,1911
rect ../index.html?filename=3.1/announce-kdevelop-3.1.html 612,1904 700,1928
rect ../index.html?filename=3.1/authors.html 620,1937 692,1961
rect ../index.html?filename=3.1/branches_compiling.html 580,1971 732,1995
rect ../index.html?filename=3.1/changes.html 617,2004 695,2028
rect ../index.html?filename=3.1/download.html 617,2037 695,2061
rect ../index.html?filename=3.1/faq.html 620,2071 692,2095
rect ../index.html?filename=3.1/features.html 611,2104 701,2128
rect ../index.html?filename=3.1/kdevelop_po_status.html 564,2137 748,2161
rect ../index.html?filename=3.1/requirements.html 620,2171 692,2195
rect ../index.html?filename=3.1/screenshots1.html 584,2204 728,2228
rect ../index.html?filename=3.1/screenshots2.html 851,2204 995,2228
rect ../index.html?filename=3.0/announce-kdevelop-3.0.html 612,2237 700,2261
rect ../index.html?filename=3.0/authors.html 620,2271 692,2295
rect ../index.html?filename=3.0/branches_compiling.html 580,2304 732,2328
rect ../index.html?filename=3.0/changes.html 617,2337 695,2361
rect ../index.html?filename=3.0/download.html 617,2371 695,2395
rect ../index.html?filename=3.0/faq.html 620,2404 692,2428
rect ../index.html?filename=3.0/features.html 611,2437 701,2461
rect ../index.html?filename=3.0/kdevelop_po_status.html 564,2471 748,2495
rect ../index.html?filename=3.0/requirements.html 620,2504 692,2528
rect ../index.html?filename=3.0/screenshots1.html 584,2537 728,2561
rect ../index.html?filename=3.0/screenshots2.html 851,2520 995,2544
rect ../index.html?filename=3.0/screenshots3.html 851,2553 995,2577
rect ../index.html?filename=2.1/announce-kdevelop-2.0.html 612,2571 700,2595
rect ../index.html?filename=2.1/authors.html 620,2604 692,2628
rect ../index.html?filename=2.1/changes.html 620,2637 692,2661
rect ../index.html?filename=2.1/faq.html 620,2671 692,2695
rect ../index.html?filename=2.1/features.html 615,2704 697,2728
rect ../index.html?filename=2.1/screenshots1.html 588,2737 724,2761
rect ../index.html?filename=2.1/screenshots2.html 855,2721 991,2745
rect ../index.html?filename=2.1/screenshots3.html 855,2755 991,2779
rect ../index.html?filename=1.3/announce-kdevelop-1.3.html 612,2771 700,2795
rect ../index.html?filename=1.3/authors.html 620,2804 692,2828
rect ../index.html?filename=1.3/changes.html 620,2837 692,2861
rect ../index.html?filename=1.3/features.html 613,2871 699,2895
rect ../index.html?filename=1.3/pressrelease1.0.html 611,2904 701,2928
rect ../index.html?filename=1.3/pressrelease1.1.html 611,2937 701,2961
rect ../index.html?filename=1.3/screenshots1.html 588,2971 724,2995
rect ../index.html?filename=1.3/screenshots2.html 855,2953 991,2977
rect ../index.html?filename=1.3/screenshots3.html 855,2987 991,3011
rect ../index.html?filename=events/akademy2004.html 363,2871 440,2895
rect ../index.html?filename=events/akademy2006.html 363,2904 440,2928
rect ../index.html?filename=events/kastle2003.html 365,2937 437,2961
rect ../index.html?filename=events/linuxtag2000.html 365,2971 437,2995
rect ../index.html?filename=events/linuxtag2001.html 365,3004 437,3028
