base referer
rect ../index.html?filename=HEAD/authors.html 380,5 497,29
rect ../index.html?filename=HEAD/kdevelop.html 97,172 241,196
rect ../index.html?filename=HEAD/branches_compiling.html 341,39 536,63
rect ../index.html?filename=HEAD/changes.html 376,72 501,96
rect ../HEAD/doc/api/ 392,105 485,129
rect ../HEAD/doc/platform/ 403,139 475,163
rect ../index.html?filename=HEAD/download.html 377,172 500,196
rect ../index.html?filename=HEAD/faq.html 388,205 489,229
rect ../index.html?filename=HEAD/features.html 384,239 493,263
rect ../index.html?filename=HEAD/requirements.html 371,272 507,296
rect ../index.html?filename=HEAD/screenshots1.html 343,305 535,329
rect ../index.html?filename=HEAD/ChangeLog.html 635,72 877,96
rect ../index.html?filename=main.html 5,805 77,829
rect ../index.html?filename=3.5/kdevelop.html 100,405 239,429
rect ../index.html?filename=main2007.html 133,439 205,463
rect ../index.html?filename=awards.html 133,472 205,496
rect ../index.html?filename=bugs.html 129,505 209,529
rect ../chat/ 133,539 205,563
rect ../index.html?filename=current_work.html 133,572 205,596
rect ../index.html?filename=doc/technotes/index.html 104,605 235,629
rect ../index.html?filename=in_the_press.html 133,639 205,663
rect ../index.html?filename=join-the-team.html 131,672 208,696
rect ../index.html?filename=license.html 133,705 205,729
rect ../index.html?filename=links_development.html 116,739 223,763
rect ../index.html?filename=links_tools.html 103,772 236,796
rect ../index.html?filename=logos_banners.html 133,805 205,829
rect ../index.html?filename=mailinglist.html 128,839 211,863
rect ../mediawiki/ 133,872 205,896
rect ../index.html?filename=website_translation_status.html 103,905 236,929
rect ../phorum5/ 133,939 205,963
rect ../index.html?filename=pic_corner.html 103,972 236,996
rect ../index.html?filename=splashscreens.html 132,1005 207,1029
rect ../index.html?filename=sponsors.html 133,1039 205,1063
rect ../index.html?filename=stats.html 124,1072 215,1096
rect ../index.html?filename=tutorials.html 133,1105 205,1129
rect ../index.html?filename=upload.html 133,1139 205,1163
rect ../index.html?filename=users.html 111,1172 228,1196
rect ../index.html?filename=versions.html 129,1888 209,1912
rect ../index.html?filename=events.html 133,2920 205,2944
rect ../index.html?filename=HEAD/screenshots2.html 660,289 852,313
rect ../index.html?filename=HEAD/screenshots3.html 660,323 852,347
rect ../index.html?filename=3.5/authors.html 384,339 493,363
rect ../index.html?filename=3.5/branches_compiling.html 345,372 532,396
rect ../index.html?filename=3.5/changes.html 380,405 497,429
rect ../index.html?filename=3.5/download.html 365,439 512,463
rect ../index.html?filename=3.5/requirements.html 375,472 503,496
rect ../index.html?filename=3.5/ChangeLog.html 639,405 873,429
rect ../index.html?filename=main1999.html 979,423 1051,447
rect ../index.html?filename=main2005.html 720,505 792,529
rect ../index.html?filename=main2000.html 979,456 1051,480
rect ../index.html?filename=main2001.html 979,489 1051,513
rect ../index.html?filename=main2002.html 979,523 1051,547
rect ../index.html?filename=main2003.html 979,556 1051,580
rect ../index.html?filename=main2004.html 979,589 1051,613
rect ../index.html?filename=main2006.html 403,505 475,529
rect ../index.html?filename=optional_files_translation_status.html 332,905 545,929
rect ../3.0/doc/kmditutorial/index.html 353,1021 524,1045
rect ../index.html?filename=3.0/doc/tutorial_autoconf.html 321,1055 556,1079
rect ../3.0/doc/tutorial_qtopia/index.html 351,1088 527,1112
rect ../3.0/doc/tutorial_settings/index.html 263,1121 615,1145
rect ../index.html?filename=3.4/kdevelop.html 369,1155 508,1179
rect ../index.html?filename=3.3/kdevelop.html 369,1420 508,1444
rect ../index.html?filename=3.2/kdevelop.html 369,1737 508,1761
rect ../index.html?filename=3.1/kdevelop.html 369,2037 508,2061
rect ../index.html?filename=3.0/kdevelop.html 369,2371 508,2395
rect ../index.html?filename=2.1/kdevelop.html 375,2637 503,2661
rect ../index.html?filename=1.3/kdevelop.html 375,2837 503,2861
rect ../index.html?filename=3.4/announce-kdevelop-3.4.html 695,971 817,995
rect ../index.html?filename=3.4/authors.html 701,1004 811,1028
rect ../index.html?filename=3.4/branches_compiling.html 663,1037 849,1061
rect ../index.html?filename=3.4/changes.html 697,1071 815,1095
rect ../index.html?filename=3.4/download.html 683,1104 829,1128
rect ../index.html?filename=3.4/faq.html 709,1137 803,1161
rect ../index.html?filename=3.4/features.html 705,1171 807,1195
rect ../index.html?filename=3.4/requirements.html 692,1204 820,1228
rect ../index.html?filename=3.4/screenshots1.html 664,1237 848,1261
rect ../index.html?filename=3.4/ChangeLog.html 897,1071 1132,1095
rect ../index.html?filename=3.4/screenshots2.html 923,1221 1107,1245
rect ../index.html?filename=3.4/screenshots3.html 923,1255 1107,1279
rect ../index.html?filename=3.3/announce-kdevelop-3.3.html 695,1271 817,1295
rect ../index.html?filename=3.3/authors.html 701,1304 811,1328
rect ../index.html?filename=3.3/branches_compiling.html 663,1337 849,1361
rect ../index.html?filename=3.3/changes.html 697,1371 815,1395
rect ../index.html?filename=3.3/download.html 683,1404 829,1428
rect ../index.html?filename=3.3/faq.html 709,1437 803,1461
rect ../index.html?filename=3.3/features.html 705,1471 807,1495
rect ../index.html?filename=3.3/requirements.html 692,1504 820,1528
rect ../index.html?filename=3.3/screenshots1.html 664,1537 848,1561
rect ../index.html?filename=3.3/ChangeLog.html 897,1371 1132,1395
rect ../index.html?filename=3.3/screenshots2.html 923,1521 1107,1545
rect ../index.html?filename=3.3/screenshots3.html 923,1555 1107,1579
rect ../index.html?filename=3.2/announce-kdevelop-3.2.html 695,1571 817,1595
rect ../index.html?filename=3.2/authors.html 701,1604 811,1628
rect ../index.html?filename=3.2/branches_compiling.html 663,1637 849,1661
rect ../index.html?filename=3.2/changes.html 697,1671 815,1695
rect ../index.html?filename=3.2/download.html 683,1704 829,1728
rect ../index.html?filename=3.2/faq.html 709,1737 803,1761
rect ../index.html?filename=3.2/features.html 705,1771 807,1795
rect ../index.html?filename=3.2/kdevelop_po_status.html 665,1804 847,1828
rect ../index.html?filename=3.2/requirements.html 692,1837 820,1861
rect ../index.html?filename=3.2/screenshots1.html 664,1871 848,1895
rect ../index.html?filename=3.2/screenshots2.html 923,1853 1107,1877
rect ../index.html?filename=3.2/screenshots3.html 923,1887 1107,1911
rect ../index.html?filename=3.1/announce-kdevelop-3.1.html 695,1904 817,1928
rect ../index.html?filename=3.1/authors.html 701,1937 811,1961
rect ../index.html?filename=3.1/branches_compiling.html 663,1971 849,1995
rect ../index.html?filename=3.1/changes.html 697,2004 815,2028
rect ../index.html?filename=3.1/download.html 683,2037 829,2061
rect ../index.html?filename=3.1/faq.html 709,2071 803,2095
rect ../index.html?filename=3.1/features.html 705,2104 807,2128
rect ../index.html?filename=3.1/kdevelop_po_status.html 665,2137 847,2161
rect ../index.html?filename=3.1/requirements.html 692,2171 820,2195
rect ../index.html?filename=3.1/screenshots1.html 664,2204 848,2228
rect ../index.html?filename=3.1/screenshots2.html 923,2204 1107,2228
rect ../index.html?filename=3.0/announce-kdevelop-3.0.html 695,2237 817,2261
rect ../index.html?filename=3.0/authors.html 701,2271 811,2295
rect ../index.html?filename=3.0/branches_compiling.html 663,2304 849,2328
rect ../index.html?filename=3.0/changes.html 697,2337 815,2361
rect ../index.html?filename=3.0/download.html 683,2371 829,2395
rect ../index.html?filename=3.0/faq.html 709,2404 803,2428
rect ../index.html?filename=3.0/features.html 705,2437 807,2461
rect ../index.html?filename=3.0/kdevelop_po_status.html 665,2471 847,2495
rect ../index.html?filename=3.0/requirements.html 692,2504 820,2528
rect ../index.html?filename=3.0/screenshots1.html 664,2537 848,2561
rect ../index.html?filename=3.0/screenshots2.html 923,2520 1107,2544
rect ../index.html?filename=3.0/screenshots3.html 923,2553 1107,2577
rect ../index.html?filename=2.1/announce-kdevelop-2.0.html 695,2571 817,2595
rect ../index.html?filename=2.1/authors.html 705,2604 807,2628
rect ../index.html?filename=2.1/changes.html 701,2637 811,2661
rect ../index.html?filename=2.1/faq.html 713,2671 799,2695
rect ../index.html?filename=2.1/features.html 709,2704 803,2728
rect ../index.html?filename=2.1/screenshots1.html 668,2737 844,2761
rect ../index.html?filename=2.1/screenshots2.html 927,2721 1103,2745
rect ../index.html?filename=2.1/screenshots3.html 927,2755 1103,2779
rect ../index.html?filename=1.3/announce-kdevelop-1.3.html 695,2771 817,2795
rect ../index.html?filename=1.3/authors.html 705,2804 807,2828
rect ../index.html?filename=1.3/changes.html 701,2837 811,2861
rect ../index.html?filename=1.3/features.html 709,2871 803,2895
rect ../index.html?filename=1.3/pressrelease1.0.html 701,2904 811,2928
rect ../index.html?filename=1.3/pressrelease1.1.html 701,2937 811,2961
rect ../index.html?filename=1.3/screenshots1.html 668,2971 844,2995
rect ../index.html?filename=1.3/screenshots2.html 927,2953 1103,2977
rect ../index.html?filename=1.3/screenshots3.html 927,2987 1103,3011
rect ../index.html?filename=events/akademy2004.html 400,2871 477,2895
rect ../index.html?filename=events/akademy2006.html 400,2904 477,2928
rect ../index.html?filename=events/kastle2003.html 403,2937 475,2961
rect ../index.html?filename=events/linuxtag2000.html 403,2971 475,2995
rect ../index.html?filename=events/linuxtag2001.html 403,3004 475,3028
