base referer
rect ../index.html?filename=HEAD/authors.html 332,5 407,29
rect ../index.html?filename=HEAD/kdevelop.html 100,172 236,196
rect ../index.html?filename=HEAD/branches_compiling.html 291,39 448,63
rect ../index.html?filename=HEAD/changes.html 333,72 405,96
rect ../HEAD/doc/api/ 316,105 423,129
rect ../HEAD/doc/platform/ 333,139 405,163
rect ../index.html?filename=HEAD/download.html 315,172 424,196
rect ../index.html?filename=HEAD/faq.html 333,205 405,229
rect ../index.html?filename=HEAD/features.html 321,239 417,263
rect ../index.html?filename=HEAD/requirements.html 332,272 407,296
rect ../index.html?filename=HEAD/screenshots1.html 295,305 444,329
rect ../index.html?filename=HEAD/ChangeLog.html 499,72 664,96
rect ../index.html?filename=main.html 5,805 77,829
rect ../index.html?filename=3.5/kdevelop.html 104,405 232,429
rect ../index.html?filename=main2007.html 132,439 204,463
rect ../index.html?filename=awards.html 132,472 204,496
rect ../index.html?filename=bugs.html 109,505 227,529
rect ../chat/ 132,539 204,563
rect ../index.html?filename=current_work.html 127,572 209,596
rect ../index.html?filename=doc/technotes/index.html 125,605 211,629
rect ../index.html?filename=in_the_press.html 132,639 204,663
rect ../index.html?filename=join-the-team.html 111,672 225,696
rect ../index.html?filename=license.html 132,705 204,729
rect ../index.html?filename=links_development.html 97,739 239,763
rect ../index.html?filename=links_tools.html 124,772 212,796
rect ../index.html?filename=logos_banners.html 117,805 219,829
rect ../index.html?filename=mailinglist.html 124,839 212,863
rect ../mediawiki/ 132,872 204,896
rect ../index.html?filename=website_translation_status.html 112,905 224,929
rect ../phorum5/ 132,939 204,963
rect ../index.html?filename=pic_corner.html 131,972 205,996
rect ../index.html?filename=splashscreens.html 132,1005 204,1029
rect ../index.html?filename=sponsors.html 132,1039 204,1063
rect ../index.html?filename=stats.html 117,1072 219,1096
rect ../index.html?filename=tutorials.html 132,1105 204,1129
rect ../index.html?filename=upload.html 132,1139 204,1163
rect ../index.html?filename=users.html 109,1172 227,1196
rect ../index.html?filename=versions.html 127,1888 209,1912
rect ../index.html?filename=events.html 132,2920 204,2944
rect ../index.html?filename=HEAD/screenshots2.html 507,289 656,313
rect ../index.html?filename=HEAD/screenshots3.html 507,323 656,347
rect ../index.html?filename=3.5/authors.html 333,339 405,363
rect ../index.html?filename=3.5/branches_compiling.html 295,372 444,396
rect ../index.html?filename=3.5/changes.html 333,405 405,429
rect ../index.html?filename=3.5/download.html 319,439 420,463
rect ../index.html?filename=3.5/requirements.html 333,472 405,496
rect ../index.html?filename=3.5/ChangeLog.html 503,405 660,429
rect ../index.html?filename=main1999.html 727,423 799,447
rect ../index.html?filename=main2005.html 545,505 617,529
rect ../index.html?filename=main2000.html 727,456 799,480
rect ../index.html?filename=main2001.html 727,489 799,513
rect ../index.html?filename=main2002.html 727,523 799,547
rect ../index.html?filename=main2003.html 727,556 799,580
rect ../index.html?filename=main2004.html 727,589 799,613
rect ../index.html?filename=main2006.html 333,505 405,529
rect ../index.html?filename=optional_files_translation_status.html 259,905 480,929
rect ../3.0/doc/kmditutorial/index.html 317,1021 421,1045
rect ../index.html?filename=3.0/doc/tutorial_autoconf.html 280,1055 459,1079
rect ../3.0/doc/tutorial_qtopia/index.html 316,1088 423,1112
rect ../3.0/doc/tutorial_settings/index.html 279,1121 460,1145
rect ../index.html?filename=3.4/kdevelop.html 305,1155 433,1179
rect ../index.html?filename=3.3/kdevelop.html 305,1420 433,1444
rect ../index.html?filename=3.2/kdevelop.html 305,1737 433,1761
rect ../index.html?filename=3.1/kdevelop.html 305,2037 433,2061
rect ../index.html?filename=3.0/kdevelop.html 305,2371 433,2395
rect ../index.html?filename=2.1/kdevelop.html 308,2637 431,2661
rect ../index.html?filename=1.3/kdevelop.html 309,2837 429,2861
rect ../index.html?filename=3.4/announce-kdevelop-3.4.html 535,971 628,995
rect ../index.html?filename=3.4/authors.html 545,1004 617,1028
rect ../index.html?filename=3.4/branches_compiling.html 507,1037 656,1061
rect ../index.html?filename=3.4/changes.html 545,1071 617,1095
rect ../index.html?filename=3.4/download.html 531,1104 632,1128
rect ../index.html?filename=3.4/faq.html 545,1137 617,1161
rect ../index.html?filename=3.4/features.html 537,1171 625,1195
rect ../index.html?filename=3.4/requirements.html 545,1204 617,1228
rect ../index.html?filename=3.4/screenshots1.html 511,1237 652,1261
rect ../index.html?filename=3.4/ChangeLog.html 684,1071 841,1095
rect ../index.html?filename=3.4/screenshots2.html 692,1221 833,1245
rect ../index.html?filename=3.4/screenshots3.html 692,1255 833,1279
rect ../index.html?filename=3.3/announce-kdevelop-3.3.html 535,1271 628,1295
rect ../index.html?filename=3.3/authors.html 545,1304 617,1328
rect ../index.html?filename=3.3/branches_compiling.html 507,1337 656,1361
rect ../index.html?filename=3.3/changes.html 545,1371 617,1395
rect ../index.html?filename=3.3/download.html 531,1404 632,1428
rect ../index.html?filename=3.3/faq.html 545,1437 617,1461
rect ../index.html?filename=3.3/features.html 537,1471 625,1495
rect ../index.html?filename=3.3/requirements.html 545,1504 617,1528
rect ../index.html?filename=3.3/screenshots1.html 511,1537 652,1561
rect ../index.html?filename=3.3/ChangeLog.html 684,1371 841,1395
rect ../index.html?filename=3.3/screenshots2.html 692,1521 833,1545
rect ../index.html?filename=3.3/screenshots3.html 692,1555 833,1579
rect ../index.html?filename=3.2/announce-kdevelop-3.2.html 535,1571 628,1595
rect ../index.html?filename=3.2/authors.html 545,1604 617,1628
rect ../index.html?filename=3.2/branches_compiling.html 507,1637 656,1661
rect ../index.html?filename=3.2/changes.html 545,1671 617,1695
rect ../index.html?filename=3.2/download.html 531,1704 632,1728
rect ../index.html?filename=3.2/faq.html 545,1737 617,1761
rect ../index.html?filename=3.2/features.html 537,1771 625,1795
rect ../index.html?filename=3.2/kdevelop_po_status.html 500,1804 663,1828
rect ../index.html?filename=3.2/requirements.html 545,1837 617,1861
rect ../index.html?filename=3.2/screenshots1.html 511,1871 652,1895
rect ../index.html?filename=3.2/screenshots2.html 692,1853 833,1877
rect ../index.html?filename=3.2/screenshots3.html 692,1887 833,1911
rect ../index.html?filename=3.1/announce-kdevelop-3.1.html 535,1904 628,1928
rect ../index.html?filename=3.1/authors.html 545,1937 617,1961
rect ../index.html?filename=3.1/branches_compiling.html 507,1971 656,1995
rect ../index.html?filename=3.1/changes.html 545,2004 617,2028
rect ../index.html?filename=3.1/download.html 531,2037 632,2061
rect ../index.html?filename=3.1/faq.html 545,2071 617,2095
rect ../index.html?filename=3.1/features.html 537,2104 625,2128
rect ../index.html?filename=3.1/kdevelop_po_status.html 500,2137 663,2161
rect ../index.html?filename=3.1/requirements.html 545,2171 617,2195
rect ../index.html?filename=3.1/screenshots1.html 511,2204 652,2228
rect ../index.html?filename=3.1/screenshots2.html 692,2204 833,2228
rect ../index.html?filename=3.0/announce-kdevelop-3.0.html 535,2237 628,2261
rect ../index.html?filename=3.0/authors.html 545,2271 617,2295
rect ../index.html?filename=3.0/branches_compiling.html 507,2304 656,2328
rect ../index.html?filename=3.0/changes.html 545,2337 617,2361
rect ../index.html?filename=3.0/download.html 531,2371 632,2395
rect ../index.html?filename=3.0/faq.html 545,2404 617,2428
rect ../index.html?filename=3.0/features.html 537,2437 625,2461
rect ../index.html?filename=3.0/kdevelop_po_status.html 500,2471 663,2495
rect ../index.html?filename=3.0/requirements.html 545,2504 617,2528
rect ../index.html?filename=3.0/screenshots1.html 511,2537 652,2561
rect ../index.html?filename=3.0/screenshots2.html 692,2520 833,2544
rect ../index.html?filename=3.0/screenshots3.html 692,2553 833,2577
rect ../index.html?filename=2.1/announce-kdevelop-2.0.html 535,2571 628,2595
rect ../index.html?filename=2.1/authors.html 545,2604 617,2628
rect ../index.html?filename=2.1/changes.html 545,2637 617,2661
rect ../index.html?filename=2.1/faq.html 545,2671 617,2695
rect ../index.html?filename=2.1/features.html 540,2704 623,2728
rect ../index.html?filename=2.1/screenshots1.html 515,2737 648,2761
rect ../index.html?filename=2.1/screenshots2.html 696,2721 829,2745
rect ../index.html?filename=2.1/screenshots3.html 696,2755 829,2779
rect ../index.html?filename=1.3/announce-kdevelop-1.3.html 535,2771 628,2795
rect ../index.html?filename=1.3/authors.html 545,2804 617,2828
rect ../index.html?filename=1.3/changes.html 545,2837 617,2861
rect ../index.html?filename=1.3/features.html 541,2871 621,2895
rect ../index.html?filename=1.3/pressrelease1.0.html 535,2904 628,2928
rect ../index.html?filename=1.3/pressrelease1.1.html 535,2937 628,2961
rect ../index.html?filename=1.3/screenshots1.html 515,2971 648,2995
rect ../index.html?filename=1.3/screenshots2.html 696,2953 829,2977
rect ../index.html?filename=1.3/screenshots3.html 696,2987 829,3011
rect ../index.html?filename=events/akademy2004.html 329,2871 409,2895
rect ../index.html?filename=events/akademy2006.html 329,2904 409,2928
rect ../index.html?filename=events/kastle2003.html 333,2937 405,2961
rect ../index.html?filename=events/linuxtag2000.html 333,2971 405,2995
rect ../index.html?filename=events/linuxtag2001.html 333,3004 405,3028
