base referer
rect ../index.html?filename=HEAD/authors.html 300,5 375,29
rect ../index.html?filename=HEAD/kdevelop.html 115,172 197,196
rect ../index.html?filename=HEAD/branches_compiling.html 253,39 421,63
rect ../index.html?filename=HEAD/changes.html 297,72 377,96
rect ../HEAD/doc/api/ 301,105 373,129
rect ../HEAD/doc/platform/ 284,139 391,163
rect ../index.html?filename=HEAD/download.html 296,172 379,196
rect ../index.html?filename=HEAD/faq.html 301,205 373,229
rect ../index.html?filename=HEAD/features.html 299,239 376,263
rect ../index.html?filename=HEAD/requirements.html 287,272 388,296
rect ../index.html?filename=HEAD/screenshots1.html 267,305 408,329
rect ../index.html?filename=HEAD/ChangeLog.html 459,72 624,96
rect ../index.html?filename=main.html 5,805 77,829
rect ../index.html?filename=3.5/kdevelop.html 119,405 193,429
rect ../index.html?filename=main2007.html 120,439 192,463
rect ../index.html?filename=awards.html 120,472 192,496
rect ../index.html?filename=bugs.html 116,505 196,529
rect ../chat/ 120,539 192,563
rect ../index.html?filename=current_work.html 120,572 192,596
rect ../index.html?filename=doc/technotes/index.html 97,605 215,629
rect ../index.html?filename=in_the_press.html 120,639 192,663
rect ../index.html?filename=join-the-team.html 120,672 192,696
rect ../index.html?filename=license.html 120,705 192,729
rect ../index.html?filename=links_development.html 116,739 196,763
rect ../index.html?filename=links_tools.html 120,772 192,796
rect ../index.html?filename=logos_banners.html 113,805 199,829
rect ../index.html?filename=mailinglist.html 116,839 196,863
rect ../mediawiki/ 120,872 192,896
rect ../index.html?filename=website_translation_status.html 96,905 216,929
rect ../phorum5/ 120,939 192,963
rect ../index.html?filename=pic_corner.html 108,972 204,996
rect ../index.html?filename=splashscreens.html 113,1005 199,1029
rect ../index.html?filename=sponsors.html 120,1039 192,1063
rect ../index.html?filename=stats.html 113,1072 199,1096
rect ../index.html?filename=tutorials.html 120,1105 192,1129
rect ../index.html?filename=upload.html 120,1139 192,1163
rect ../index.html?filename=users.html 117,1172 195,1196
rect ../index.html?filename=versions.html 108,1888 204,1912
rect ../index.html?filename=events.html 120,2920 192,2944
rect ../index.html?filename=HEAD/screenshots2.html 471,289 612,313
rect ../index.html?filename=HEAD/screenshots3.html 471,323 612,347
rect ../index.html?filename=3.5/authors.html 301,339 373,363
rect ../index.html?filename=3.5/branches_compiling.html 257,372 417,396
rect ../index.html?filename=3.5/changes.html 301,405 373,429
rect ../index.html?filename=3.5/download.html 299,439 376,463
rect ../index.html?filename=3.5/requirements.html 291,472 384,496
rect ../index.html?filename=3.5/ChangeLog.html 463,405 620,429
rect ../index.html?filename=main1999.html 687,423 759,447
rect ../index.html?filename=main2005.html 505,505 577,529
rect ../index.html?filename=main2000.html 687,456 759,480
rect ../index.html?filename=main2001.html 687,489 759,513
rect ../index.html?filename=main2002.html 687,523 759,547
rect ../index.html?filename=main2003.html 687,556 759,580
rect ../index.html?filename=main2004.html 687,589 759,613
rect ../index.html?filename=main2006.html 301,505 373,529
rect ../index.html?filename=optional_files_translation_status.html 235,905 440,929
rect ../3.0/doc/kmditutorial/index.html 291,1021 384,1045
rect ../index.html?filename=3.0/doc/tutorial_autoconf.html 251,1055 424,1079
rect ../3.0/doc/tutorial_qtopia/index.html 289,1088 385,1112
rect ../3.0/doc/tutorial_settings/index.html 251,1121 424,1145
rect ../index.html?filename=3.4/kdevelop.html 300,1155 375,1179
rect ../index.html?filename=3.3/kdevelop.html 300,1420 375,1444
rect ../index.html?filename=3.2/kdevelop.html 300,1737 375,1761
rect ../index.html?filename=3.1/kdevelop.html 300,2037 375,2061
rect ../index.html?filename=3.0/kdevelop.html 300,2371 375,2395
rect ../index.html?filename=2.1/kdevelop.html 301,2637 373,2661
rect ../index.html?filename=1.3/kdevelop.html 301,2837 373,2861
rect ../index.html?filename=3.4/announce-kdevelop-3.4.html 477,971 605,995
rect ../index.html?filename=3.4/authors.html 505,1004 577,1028
rect ../index.html?filename=3.4/branches_compiling.html 461,1037 621,1061
rect ../index.html?filename=3.4/changes.html 505,1071 577,1095
rect ../index.html?filename=3.4/download.html 503,1104 580,1128
rect ../index.html?filename=3.4/faq.html 505,1137 577,1161
rect ../index.html?filename=3.4/features.html 505,1171 577,1195
rect ../index.html?filename=3.4/requirements.html 495,1204 588,1228
rect ../index.html?filename=3.4/screenshots1.html 475,1237 608,1261
rect ../index.html?filename=3.4/ChangeLog.html 644,1071 801,1095
rect ../index.html?filename=3.4/screenshots2.html 656,1221 789,1245
rect ../index.html?filename=3.4/screenshots3.html 656,1255 789,1279
rect ../index.html?filename=3.3/announce-kdevelop-3.3.html 477,1271 605,1295
rect ../index.html?filename=3.3/authors.html 505,1304 577,1328
rect ../index.html?filename=3.3/branches_compiling.html 461,1337 621,1361
rect ../index.html?filename=3.3/changes.html 505,1371 577,1395
rect ../index.html?filename=3.3/download.html 503,1404 580,1428
rect ../index.html?filename=3.3/faq.html 505,1437 577,1461
rect ../index.html?filename=3.3/features.html 505,1471 577,1495
rect ../index.html?filename=3.3/requirements.html 495,1504 588,1528
rect ../index.html?filename=3.3/screenshots1.html 475,1537 608,1561
rect ../index.html?filename=3.3/ChangeLog.html 644,1371 801,1395
rect ../index.html?filename=3.3/screenshots2.html 656,1521 789,1545
rect ../index.html?filename=3.3/screenshots3.html 656,1555 789,1579
rect ../index.html?filename=3.2/announce-kdevelop-3.2.html 477,1571 605,1595
rect ../index.html?filename=3.2/authors.html 505,1604 577,1628
rect ../index.html?filename=3.2/branches_compiling.html 461,1637 621,1661
rect ../index.html?filename=3.2/changes.html 505,1671 577,1695
rect ../index.html?filename=3.2/download.html 503,1704 580,1728
rect ../index.html?filename=3.2/faq.html 505,1737 577,1761
rect ../index.html?filename=3.2/features.html 505,1771 577,1795
rect ../index.html?filename=3.2/kdevelop_po_status.html 475,1804 608,1828
rect ../index.html?filename=3.2/requirements.html 495,1837 588,1861
rect ../index.html?filename=3.2/screenshots1.html 475,1871 608,1895
rect ../index.html?filename=3.2/screenshots2.html 656,1853 789,1877
rect ../index.html?filename=3.2/screenshots3.html 656,1887 789,1911
rect ../index.html?filename=3.1/announce-kdevelop-3.1.html 477,1904 605,1928
rect ../index.html?filename=3.1/authors.html 505,1937 577,1961
rect ../index.html?filename=3.1/branches_compiling.html 461,1971 621,1995
rect ../index.html?filename=3.1/changes.html 505,2004 577,2028
rect ../index.html?filename=3.1/download.html 503,2037 580,2061
rect ../index.html?filename=3.1/faq.html 505,2071 577,2095
rect ../index.html?filename=3.1/features.html 505,2104 577,2128
rect ../index.html?filename=3.1/kdevelop_po_status.html 475,2137 608,2161
rect ../index.html?filename=3.1/requirements.html 495,2171 588,2195
rect ../index.html?filename=3.1/screenshots1.html 475,2204 608,2228
rect ../index.html?filename=3.1/screenshots2.html 656,2204 789,2228
rect ../index.html?filename=3.0/announce-kdevelop-3.0.html 477,2237 605,2261
rect ../index.html?filename=3.0/authors.html 505,2271 577,2295
rect ../index.html?filename=3.0/branches_compiling.html 461,2304 621,2328
rect ../index.html?filename=3.0/changes.html 505,2337 577,2361
rect ../index.html?filename=3.0/download.html 503,2371 580,2395
rect ../index.html?filename=3.0/faq.html 505,2404 577,2428
rect ../index.html?filename=3.0/features.html 505,2437 577,2461
rect ../index.html?filename=3.0/kdevelop_po_status.html 475,2471 608,2495
rect ../index.html?filename=3.0/requirements.html 495,2504 588,2528
rect ../index.html?filename=3.0/screenshots1.html 475,2537 608,2561
rect ../index.html?filename=3.0/screenshots2.html 656,2520 789,2544
rect ../index.html?filename=3.0/screenshots3.html 656,2553 789,2577
rect ../index.html?filename=2.1/announce-kdevelop-2.0.html 476,2571 607,2595
rect ../index.html?filename=2.1/authors.html 505,2604 577,2628
rect ../index.html?filename=2.1/changes.html 505,2637 577,2661
rect ../index.html?filename=2.1/faq.html 505,2671 577,2695
rect ../index.html?filename=2.1/features.html 505,2704 577,2728
rect ../index.html?filename=2.1/screenshots1.html 479,2737 604,2761
rect ../index.html?filename=2.1/screenshots2.html 660,2721 785,2745
rect ../index.html?filename=2.1/screenshots3.html 660,2755 785,2779
rect ../index.html?filename=1.3/announce-kdevelop-1.3.html 477,2771 605,2795
rect ../index.html?filename=1.3/authors.html 505,2804 577,2828
rect ../index.html?filename=1.3/changes.html 505,2837 577,2861
rect ../index.html?filename=1.3/features.html 505,2871 577,2895
rect ../index.html?filename=1.3/pressrelease1.0.html 497,2904 585,2928
rect ../index.html?filename=1.3/pressrelease1.1.html 497,2937 585,2961
rect ../index.html?filename=1.3/screenshots1.html 479,2971 604,2995
rect ../index.html?filename=1.3/screenshots2.html 660,2953 785,2977
rect ../index.html?filename=1.3/screenshots3.html 660,2987 785,3011
rect ../index.html?filename=events/akademy2004.html 299,2871 376,2895
rect ../index.html?filename=events/akademy2006.html 299,2904 376,2928
rect ../index.html?filename=events/kastle2003.html 301,2937 373,2961
rect ../index.html?filename=events/linuxtag2000.html 301,2971 373,2995
rect ../index.html?filename=events/linuxtag2001.html 301,3004 373,3028
