base referer
rect ../index.html?filename=HEAD/authors.html 343,5 415,29
rect ../index.html?filename=HEAD/kdevelop.html 128,172 229,196
rect ../index.html?filename=HEAD/branches_compiling.html 296,39 461,63
rect ../index.html?filename=HEAD/changes.html 336,72 421,96
rect ../HEAD/doc/api/ 327,105 431,129
rect ../HEAD/doc/platform/ 339,139 419,163
rect ../index.html?filename=HEAD/download.html 337,172 420,196
rect ../index.html?filename=HEAD/faq.html 343,205 415,229
rect ../index.html?filename=HEAD/features.html 327,239 431,263
rect ../index.html?filename=HEAD/requirements.html 340,272 417,296
rect ../index.html?filename=HEAD/screenshots1.html 311,305 447,329
rect ../index.html?filename=HEAD/ChangeLog.html 496,72 661,96
rect ../index.html?filename=main.html 5,805 77,829
rect ../index.html?filename=3.5/kdevelop.html 132,405 225,429
rect ../index.html?filename=main2007.html 137,439 220,463
rect ../index.html?filename=awards.html 143,472 215,496
rect ../index.html?filename=bugs.html 137,505 220,529
rect ../chat/ 143,539 215,563
rect ../index.html?filename=current_work.html 143,572 215,596
rect ../index.html?filename=doc/technotes/index.html 136,605 221,629
rect ../index.html?filename=in_the_press.html 132,639 225,663
rect ../index.html?filename=join-the-team.html 143,672 215,696
rect ../index.html?filename=license.html 143,705 215,729
rect ../index.html?filename=links_development.html 143,739 215,763
rect ../index.html?filename=links_tools.html 127,772 231,796
rect ../index.html?filename=logos_banners.html 136,805 221,829
rect ../index.html?filename=mailinglist.html 143,839 215,863
rect ../mediawiki/ 143,872 215,896
rect ../index.html?filename=website_translation_status.html 116,905 241,929
rect ../phorum5/ 143,939 215,963
rect ../index.html?filename=pic_corner.html 96,972 261,996
rect ../index.html?filename=splashscreens.html 140,1005 217,1029
rect ../index.html?filename=sponsors.html 143,1039 215,1063
rect ../index.html?filename=stats.html 129,1072 228,1096
rect ../index.html?filename=tutorials.html 143,1105 215,1129
rect ../index.html?filename=upload.html 143,1139 215,1163
rect ../index.html?filename=users.html 124,1172 233,1196
rect ../index.html?filename=versions.html 135,1888 223,1912
rect ../index.html?filename=events.html 143,2920 215,2944
rect ../index.html?filename=HEAD/screenshots2.html 511,289 647,313
rect ../index.html?filename=HEAD/screenshots3.html 511,323 647,347
rect ../index.html?filename=3.5/authors.html 343,339 415,363
rect ../index.html?filename=3.5/branches_compiling.html 299,372 459,396
rect ../index.html?filename=3.5/changes.html 340,405 417,429
rect ../index.html?filename=3.5/download.html 340,439 417,463
rect ../index.html?filename=3.5/requirements.html 343,472 415,496
rect ../index.html?filename=3.5/ChangeLog.html 500,405 657,429
rect ../index.html?filename=main1999.html 719,423 801,447
rect ../index.html?filename=main2005.html 537,505 620,529
rect ../index.html?filename=main2000.html 719,456 801,480
rect ../index.html?filename=main2001.html 719,489 801,513
rect ../index.html?filename=main2002.html 719,523 801,547
rect ../index.html?filename=main2003.html 719,556 801,580
rect ../index.html?filename=main2004.html 719,589 801,613
rect ../index.html?filename=main2006.html 337,505 420,529
rect ../index.html?filename=optional_files_translation_status.html 280,905 477,929
rect ../3.0/doc/kmditutorial/index.html 332,1021 425,1045
rect ../index.html?filename=3.0/doc/tutorial_autoconf.html 288,1055 469,1079
rect ../3.0/doc/tutorial_qtopia/index.html 331,1088 427,1112
rect ../3.0/doc/tutorial_settings/index.html 292,1121 465,1145
rect ../index.html?filename=3.4/kdevelop.html 332,1155 425,1179
rect ../index.html?filename=3.3/kdevelop.html 332,1420 425,1444
rect ../index.html?filename=3.2/kdevelop.html 332,1737 425,1761
rect ../index.html?filename=3.1/kdevelop.html 332,2037 425,2061
rect ../index.html?filename=3.0/kdevelop.html 332,2371 425,2395
rect ../index.html?filename=2.1/kdevelop.html 336,2637 421,2661
rect ../index.html?filename=1.3/kdevelop.html 336,2837 421,2861
rect ../index.html?filename=3.4/announce-kdevelop-3.4.html 528,971 629,995
rect ../index.html?filename=3.4/authors.html 543,1004 615,1028
rect ../index.html?filename=3.4/branches_compiling.html 499,1037 659,1061
rect ../index.html?filename=3.4/changes.html 540,1071 617,1095
rect ../index.html?filename=3.4/download.html 540,1104 617,1128
rect ../index.html?filename=3.4/faq.html 543,1137 615,1161
rect ../index.html?filename=3.4/features.html 531,1171 627,1195
rect ../index.html?filename=3.4/requirements.html 543,1204 615,1228
rect ../index.html?filename=3.4/screenshots1.html 515,1237 643,1261
rect ../index.html?filename=3.4/ChangeLog.html 681,1071 839,1095
rect ../index.html?filename=3.4/screenshots2.html 696,1221 824,1245
rect ../index.html?filename=3.4/screenshots3.html 696,1255 824,1279
rect ../index.html?filename=3.3/announce-kdevelop-3.3.html 528,1271 629,1295
rect ../index.html?filename=3.3/authors.html 543,1304 615,1328
rect ../index.html?filename=3.3/branches_compiling.html 499,1337 659,1361
rect ../index.html?filename=3.3/changes.html 540,1371 617,1395
rect ../index.html?filename=3.3/download.html 540,1404 617,1428
rect ../index.html?filename=3.3/faq.html 543,1437 615,1461
rect ../index.html?filename=3.3/features.html 531,1471 627,1495
rect ../index.html?filename=3.3/requirements.html 543,1504 615,1528
rect ../index.html?filename=3.3/screenshots1.html 515,1537 643,1561
rect ../index.html?filename=3.3/ChangeLog.html 681,1371 839,1395
rect ../index.html?filename=3.3/screenshots2.html 696,1521 824,1545
rect ../index.html?filename=3.3/screenshots3.html 696,1555 824,1579
rect ../index.html?filename=3.2/announce-kdevelop-3.2.html 528,1571 629,1595
rect ../index.html?filename=3.2/authors.html 543,1604 615,1628
rect ../index.html?filename=3.2/branches_compiling.html 499,1637 659,1661
rect ../index.html?filename=3.2/changes.html 540,1671 617,1695
rect ../index.html?filename=3.2/download.html 540,1704 617,1728
rect ../index.html?filename=3.2/faq.html 543,1737 615,1761
rect ../index.html?filename=3.2/features.html 531,1771 627,1795
rect ../index.html?filename=3.2/kdevelop_po_status.html 515,1804 643,1828
rect ../index.html?filename=3.2/requirements.html 543,1837 615,1861
rect ../index.html?filename=3.2/screenshots1.html 515,1871 643,1895
rect ../index.html?filename=3.2/screenshots2.html 696,1853 824,1877
rect ../index.html?filename=3.2/screenshots3.html 696,1887 824,1911
rect ../index.html?filename=3.1/announce-kdevelop-3.1.html 528,1904 629,1928
rect ../index.html?filename=3.1/authors.html 543,1937 615,1961
rect ../index.html?filename=3.1/branches_compiling.html 499,1971 659,1995
rect ../index.html?filename=3.1/changes.html 540,2004 617,2028
rect ../index.html?filename=3.1/download.html 540,2037 617,2061
rect ../index.html?filename=3.1/faq.html 543,2071 615,2095
rect ../index.html?filename=3.1/features.html 531,2104 627,2128
rect ../index.html?filename=3.1/kdevelop_po_status.html 515,2137 643,2161
rect ../index.html?filename=3.1/requirements.html 543,2171 615,2195
rect ../index.html?filename=3.1/screenshots1.html 515,2204 643,2228
rect ../index.html?filename=3.1/screenshots2.html 696,2204 824,2228
rect ../index.html?filename=3.0/announce-kdevelop-3.0.html 528,2237 629,2261
rect ../index.html?filename=3.0/authors.html 543,2271 615,2295
rect ../index.html?filename=3.0/branches_compiling.html 499,2304 659,2328
rect ../index.html?filename=3.0/changes.html 540,2337 617,2361
rect ../index.html?filename=3.0/download.html 540,2371 617,2395
rect ../index.html?filename=3.0/faq.html 543,2404 615,2428
rect ../index.html?filename=3.0/features.html 531,2437 627,2461
rect ../index.html?filename=3.0/kdevelop_po_status.html 515,2471 643,2495
rect ../index.html?filename=3.0/requirements.html 543,2504 615,2528
rect ../index.html?filename=3.0/screenshots1.html 515,2537 643,2561
rect ../index.html?filename=3.0/screenshots2.html 696,2520 824,2544
rect ../index.html?filename=3.0/screenshots3.html 696,2553 824,2577
rect ../index.html?filename=2.1/announce-kdevelop-2.0.html 527,2571 631,2595
rect ../index.html?filename=2.1/authors.html 543,2604 615,2628
rect ../index.html?filename=2.1/changes.html 543,2637 615,2661
rect ../index.html?filename=2.1/faq.html 543,2671 615,2695
rect ../index.html?filename=2.1/features.html 533,2704 624,2728
rect ../index.html?filename=2.1/screenshots1.html 519,2737 639,2761
rect ../index.html?filename=2.1/screenshots2.html 700,2721 820,2745
rect ../index.html?filename=2.1/screenshots3.html 700,2755 820,2779
rect ../index.html?filename=1.3/announce-kdevelop-1.3.html 528,2771 629,2795
rect ../index.html?filename=1.3/authors.html 543,2804 615,2828
rect ../index.html?filename=1.3/changes.html 543,2837 615,2861
rect ../index.html?filename=1.3/features.html 535,2871 623,2895
rect ../index.html?filename=1.3/pressrelease1.0.html 527,2904 631,2928
rect ../index.html?filename=1.3/pressrelease1.1.html 527,2937 631,2961
rect ../index.html?filename=1.3/screenshots1.html 519,2971 639,2995
rect ../index.html?filename=1.3/screenshots2.html 700,2953 820,2977
rect ../index.html?filename=1.3/screenshots3.html 700,2987 820,3011
rect ../index.html?filename=events/akademy2004.html 340,2871 417,2895
rect ../index.html?filename=events/akademy2006.html 340,2904 417,2928
rect ../index.html?filename=events/kastle2003.html 343,2937 415,2961
rect ../index.html?filename=events/linuxtag2000.html 343,2971 415,2995
rect ../index.html?filename=events/linuxtag2001.html 343,3004 415,3028
