base referer
rect ../index.html?filename=HEAD/authors.html 311,5 383,29
rect ../index.html?filename=HEAD/kdevelop.html 97,172 212,196
rect ../index.html?filename=HEAD/branches_compiling.html 253,39 440,63
rect ../index.html?filename=HEAD/changes.html 311,72 383,96
rect ../HEAD/doc/api/ 301,105 392,129
rect ../HEAD/doc/platform/ 311,139 383,163
rect ../index.html?filename=HEAD/download.html 305,172 388,196
rect ../index.html?filename=HEAD/faq.html 311,205 383,229
rect ../index.html?filename=HEAD/features.html 305,239 388,263
rect ../index.html?filename=HEAD/requirements.html 303,272 391,296
rect ../index.html?filename=HEAD/screenshots1.html 265,305 428,329
rect ../index.html?filename=HEAD/ChangeLog.html 481,72 679,96
rect ../index.html?filename=main.html 5,805 77,829
rect ../index.html?filename=3.5/kdevelop.html 100,405 209,429
rect ../index.html?filename=main2007.html 119,439 191,463
rect ../index.html?filename=awards.html 119,472 191,496
rect ../index.html?filename=bugs.html 119,505 191,529
rect ../chat/ 119,539 191,563
rect ../index.html?filename=current_work.html 112,572 197,596
rect ../index.html?filename=doc/technotes/index.html 101,605 208,629
rect ../index.html?filename=in_the_press.html 119,639 191,663
rect ../index.html?filename=join-the-team.html 119,672 191,696
rect ../index.html?filename=license.html 119,705 191,729
rect ../index.html?filename=links_development.html 108,739 201,763
rect ../index.html?filename=links_tools.html 105,772 204,796
rect ../index.html?filename=logos_banners.html 115,805 195,829
rect ../index.html?filename=mailinglist.html 107,839 203,863
rect ../mediawiki/ 119,872 191,896
rect ../index.html?filename=website_translation_status.html 101,905 208,929
rect ../phorum5/ 119,939 191,963
rect ../index.html?filename=pic_corner.html 119,972 191,996
rect ../index.html?filename=splashscreens.html 116,1005 193,1029
rect ../index.html?filename=sponsors.html 119,1039 191,1063
rect ../index.html?filename=stats.html 116,1072 193,1096
rect ../index.html?filename=tutorials.html 115,1105 195,1129
rect ../index.html?filename=upload.html 119,1139 191,1163
rect ../index.html?filename=users.html 100,1172 209,1196
rect ../index.html?filename=versions.html 119,1888 191,1912
rect ../index.html?filename=events.html 119,2920 191,2944
rect ../index.html?filename=HEAD/screenshots2.html 499,289 661,313
rect ../index.html?filename=HEAD/screenshots3.html 499,323 661,347
rect ../index.html?filename=3.5/authors.html 311,339 383,363
rect ../index.html?filename=3.5/branches_compiling.html 256,372 437,396
rect ../index.html?filename=3.5/changes.html 311,405 383,429
rect ../index.html?filename=3.5/download.html 308,439 385,463
rect ../index.html?filename=3.5/requirements.html 307,472 387,496
rect ../index.html?filename=3.5/ChangeLog.html 497,405 663,429
rect ../index.html?filename=main1999.html 745,423 817,447
rect ../index.html?filename=main2005.html 544,505 616,529
rect ../index.html?filename=main2000.html 745,456 817,480
rect ../index.html?filename=main2001.html 745,489 817,513
rect ../index.html?filename=main2002.html 745,523 817,547
rect ../index.html?filename=main2003.html 745,556 817,580
rect ../index.html?filename=main2004.html 745,589 817,613
rect ../index.html?filename=main2006.html 311,505 383,529
rect ../index.html?filename=optional_files_translation_status.html 251,905 443,929
rect ../3.0/doc/kmditutorial/index.html 300,1021 393,1045
rect ../index.html?filename=3.0/doc/tutorial_autoconf.html 261,1055 432,1079
rect ../3.0/doc/tutorial_qtopia/index.html 299,1088 395,1112
rect ../3.0/doc/tutorial_settings/index.html 233,1121 460,1145
rect ../index.html?filename=3.4/kdevelop.html 292,1155 401,1179
rect ../index.html?filename=3.3/kdevelop.html 292,1420 401,1444
rect ../index.html?filename=3.2/kdevelop.html 292,1737 401,1761
rect ../index.html?filename=3.1/kdevelop.html 292,2037 401,2061
rect ../index.html?filename=3.0/kdevelop.html 292,2371 401,2395
rect ../index.html?filename=2.1/kdevelop.html 296,2637 397,2661
rect ../index.html?filename=1.3/kdevelop.html 297,2837 396,2861
rect ../index.html?filename=3.4/announce-kdevelop-3.4.html 535,971 625,995
rect ../index.html?filename=3.4/authors.html 544,1004 616,1028
rect ../index.html?filename=3.4/branches_compiling.html 489,1037 671,1061
rect ../index.html?filename=3.4/changes.html 544,1071 616,1095
rect ../index.html?filename=3.4/download.html 541,1104 619,1128
rect ../index.html?filename=3.4/faq.html 544,1137 616,1161
rect ../index.html?filename=3.4/features.html 543,1171 617,1195
rect ../index.html?filename=3.4/requirements.html 540,1204 620,1228
rect ../index.html?filename=3.4/screenshots1.html 503,1237 657,1261
rect ../index.html?filename=3.4/ChangeLog.html 699,1071 864,1095
rect ../index.html?filename=3.4/screenshots2.html 704,1221 859,1245
rect ../index.html?filename=3.4/screenshots3.html 704,1255 859,1279
rect ../index.html?filename=3.3/announce-kdevelop-3.3.html 535,1271 625,1295
rect ../index.html?filename=3.3/authors.html 544,1304 616,1328
rect ../index.html?filename=3.3/branches_compiling.html 489,1337 671,1361
rect ../index.html?filename=3.3/changes.html 544,1371 616,1395
rect ../index.html?filename=3.3/download.html 541,1404 619,1428
rect ../index.html?filename=3.3/faq.html 544,1437 616,1461
rect ../index.html?filename=3.3/features.html 543,1471 617,1495
rect ../index.html?filename=3.3/requirements.html 540,1504 620,1528
rect ../index.html?filename=3.3/screenshots1.html 503,1537 657,1561
rect ../index.html?filename=3.3/ChangeLog.html 699,1371 864,1395
rect ../index.html?filename=3.3/screenshots2.html 704,1521 859,1545
rect ../index.html?filename=3.3/screenshots3.html 704,1555 859,1579
rect ../index.html?filename=3.2/announce-kdevelop-3.2.html 535,1571 625,1595
rect ../index.html?filename=3.2/authors.html 544,1604 616,1628
rect ../index.html?filename=3.2/branches_compiling.html 489,1637 671,1661
rect ../index.html?filename=3.2/changes.html 544,1671 616,1695
rect ../index.html?filename=3.2/download.html 541,1704 619,1728
rect ../index.html?filename=3.2/faq.html 544,1737 616,1761
rect ../index.html?filename=3.2/features.html 543,1771 617,1795
rect ../index.html?filename=3.2/kdevelop_po_status.html 519,1804 641,1828
rect ../index.html?filename=3.2/requirements.html 540,1837 620,1861
rect ../index.html?filename=3.2/screenshots1.html 503,1871 657,1895
rect ../index.html?filename=3.2/screenshots2.html 704,1853 859,1877
rect ../index.html?filename=3.2/screenshots3.html 704,1887 859,1911
rect ../index.html?filename=3.1/announce-kdevelop-3.1.html 535,1904 625,1928
rect ../index.html?filename=3.1/authors.html 544,1937 616,1961
rect ../index.html?filename=3.1/branches_compiling.html 489,1971 671,1995
rect ../index.html?filename=3.1/changes.html 544,2004 616,2028
rect ../index.html?filename=3.1/download.html 541,2037 619,2061
rect ../index.html?filename=3.1/faq.html 544,2071 616,2095
rect ../index.html?filename=3.1/features.html 543,2104 617,2128
rect ../index.html?filename=3.1/kdevelop_po_status.html 519,2137 641,2161
rect ../index.html?filename=3.1/requirements.html 540,2171 620,2195
rect ../index.html?filename=3.1/screenshots1.html 503,2204 657,2228
rect ../index.html?filename=3.1/screenshots2.html 704,2204 859,2228
rect ../index.html?filename=3.0/announce-kdevelop-3.0.html 535,2237 625,2261
rect ../index.html?filename=3.0/authors.html 544,2271 616,2295
rect ../index.html?filename=3.0/branches_compiling.html 489,2304 671,2328
rect ../index.html?filename=3.0/changes.html 544,2337 616,2361
rect ../index.html?filename=3.0/download.html 541,2371 619,2395
rect ../index.html?filename=3.0/faq.html 544,2404 616,2428
rect ../index.html?filename=3.0/features.html 543,2437 617,2461
rect ../index.html?filename=3.0/kdevelop_po_status.html 519,2471 641,2495
rect ../index.html?filename=3.0/requirements.html 540,2504 620,2528
rect ../index.html?filename=3.0/screenshots1.html 503,2537 657,2561
rect ../index.html?filename=3.0/screenshots2.html 704,2520 859,2544
rect ../index.html?filename=3.0/screenshots3.html 704,2553 859,2577
rect ../index.html?filename=2.1/announce-kdevelop-2.0.html 535,2571 625,2595
rect ../index.html?filename=2.1/authors.html 544,2604 616,2628
rect ../index.html?filename=2.1/changes.html 544,2637 616,2661
rect ../index.html?filename=2.1/faq.html 544,2671 616,2695
rect ../index.html?filename=2.1/features.html 544,2704 616,2728
rect ../index.html?filename=2.1/screenshots1.html 507,2737 653,2761
rect ../index.html?filename=2.1/screenshots2.html 708,2721 855,2745
rect ../index.html?filename=2.1/screenshots3.html 708,2755 855,2779
rect ../index.html?filename=1.3/announce-kdevelop-1.3.html 535,2771 625,2795
rect ../index.html?filename=1.3/authors.html 544,2804 616,2828
rect ../index.html?filename=1.3/changes.html 544,2837 616,2861
rect ../index.html?filename=1.3/features.html 544,2871 616,2895
rect ../index.html?filename=1.3/pressrelease1.0.html 535,2904 625,2928
rect ../index.html?filename=1.3/pressrelease1.1.html 535,2937 625,2961
rect ../index.html?filename=1.3/screenshots1.html 507,2971 653,2995
rect ../index.html?filename=1.3/screenshots2.html 708,2953 855,2977
rect ../index.html?filename=1.3/screenshots3.html 708,2987 855,3011
rect ../index.html?filename=events/akademy2004.html 308,2871 385,2895
rect ../index.html?filename=events/akademy2006.html 308,2904 385,2928
rect ../index.html?filename=events/kastle2003.html 311,2937 383,2961
rect ../index.html?filename=events/linuxtag2000.html 311,2971 383,2995
rect ../index.html?filename=events/linuxtag2001.html 311,3004 383,3028
