base referer
rect ../index.html?filename=HEAD/authors.html 368,5 493,29
rect ../index.html?filename=HEAD/kdevelop.html 96,172 288,196
rect ../index.html?filename=HEAD/branches_compiling.html 325,39 536,63
rect ../index.html?filename=HEAD/changes.html 357,72 504,96
rect ../HEAD/doc/api/ 376,105 485,129
rect ../HEAD/doc/platform/ 395,139 467,163
rect ../index.html?filename=HEAD/download.html 364,172 497,196
rect ../index.html?filename=HEAD/faq.html 337,205 524,229
rect ../index.html?filename=HEAD/features.html 352,239 509,263
rect ../index.html?filename=HEAD/requirements.html 355,272 507,296
rect ../index.html?filename=HEAD/screenshots1.html 323,305 539,329
rect ../index.html?filename=HEAD/ChangeLog.html 573,72 795,96
rect ../index.html?filename=main.html 5,805 77,829
rect ../index.html?filename=3.5/kdevelop.html 100,405 284,429
rect ../index.html?filename=main2007.html 149,439 235,463
rect ../index.html?filename=awards.html 156,472 228,496
rect ../index.html?filename=bugs.html 145,505 239,529
rect ../chat/ 156,539 228,563
rect ../index.html?filename=current_work.html 129,572 255,596
rect ../index.html?filename=doc/technotes/index.html 132,605 252,629
rect ../index.html?filename=in_the_press.html 156,639 228,663
rect ../index.html?filename=join-the-team.html 152,672 232,696
rect ../index.html?filename=license.html 156,705 228,729
rect ../index.html?filename=links_development.html 129,739 255,763
rect ../index.html?filename=links_tools.html 115,772 269,796
rect ../index.html?filename=logos_banners.html 140,805 244,829
rect ../index.html?filename=mailinglist.html 145,839 239,863
rect ../mediawiki/ 156,872 228,896
rect ../index.html?filename=website_translation_status.html 116,905 268,929
rect ../phorum5/ 156,939 228,963
rect ../index.html?filename=pic_corner.html 115,972 269,996
rect ../index.html?filename=splashscreens.html 148,1005 236,1029
rect ../index.html?filename=sponsors.html 153,1039 231,1063
rect ../index.html?filename=stats.html 145,1072 239,1096
rect ../index.html?filename=tutorials.html 156,1105 228,1129
rect ../index.html?filename=upload.html 156,1139 228,1163
rect ../index.html?filename=users.html 132,1172 252,1196
rect ../index.html?filename=versions.html 143,1888 241,1912
rect ../index.html?filename=events.html 156,2920 228,2944
rect ../index.html?filename=HEAD/screenshots2.html 576,289 792,313
rect ../index.html?filename=HEAD/screenshots3.html 576,323 792,347
rect ../index.html?filename=3.5/authors.html 372,339 489,363
rect ../index.html?filename=3.5/branches_compiling.html 329,372 532,396
rect ../index.html?filename=3.5/changes.html 360,405 501,429
rect ../index.html?filename=3.5/download.html 368,439 493,463
rect ../index.html?filename=3.5/requirements.html 359,472 503,496
rect ../index.html?filename=3.5/ChangeLog.html 577,405 791,429
rect ../index.html?filename=main1999.html 877,423 963,447
rect ../index.html?filename=main2005.html 641,505 727,529
rect ../index.html?filename=main2000.html 877,456 963,480
rect ../index.html?filename=main2001.html 877,489 963,513
rect ../index.html?filename=main2002.html 877,523 963,547
rect ../index.html?filename=main2003.html 877,556 963,580
rect ../index.html?filename=main2004.html 877,589 963,613
rect ../index.html?filename=main2006.html 388,505 473,529
rect ../index.html?filename=optional_files_translation_status.html 308,905 553,929
rect ../3.0/doc/kmditutorial/index.html 359,1021 503,1045
rect ../index.html?filename=3.0/doc/tutorial_autoconf.html 329,1055 532,1079
rect ../3.0/doc/tutorial_qtopia/index.html 357,1088 504,1112
rect ../3.0/doc/tutorial_settings/index.html 320,1121 541,1145
rect ../index.html?filename=3.4/kdevelop.html 339,1155 523,1179
rect ../index.html?filename=3.3/kdevelop.html 339,1420 523,1444
rect ../index.html?filename=3.2/kdevelop.html 339,1737 523,1761
rect ../index.html?filename=3.1/kdevelop.html 339,2037 523,2061
rect ../index.html?filename=3.0/kdevelop.html 339,2371 523,2395
rect ../index.html?filename=2.1/kdevelop.html 343,2637 519,2661
rect ../index.html?filename=1.3/kdevelop.html 343,2837 519,2861
rect ../index.html?filename=3.4/announce-kdevelop-3.4.html 593,971 775,995
rect ../index.html?filename=3.4/authors.html 625,1004 743,1028
rect ../index.html?filename=3.4/branches_compiling.html 583,1037 785,1061
rect ../index.html?filename=3.4/changes.html 613,1071 755,1095
rect ../index.html?filename=3.4/download.html 621,1104 747,1128
rect ../index.html?filename=3.4/faq.html 619,1137 749,1161
rect ../index.html?filename=3.4/features.html 609,1171 759,1195
rect ../index.html?filename=3.4/requirements.html 612,1204 756,1228
rect ../index.html?filename=3.4/screenshots1.html 580,1237 788,1261
rect ../index.html?filename=3.4/ChangeLog.html 813,1071 1027,1095
rect ../index.html?filename=3.4/screenshots2.html 816,1221 1024,1245
rect ../index.html?filename=3.4/screenshots3.html 816,1255 1024,1279
rect ../index.html?filename=3.3/announce-kdevelop-3.3.html 593,1271 775,1295
rect ../index.html?filename=3.3/authors.html 625,1304 743,1328
rect ../index.html?filename=3.3/branches_compiling.html 583,1337 785,1361
rect ../index.html?filename=3.3/changes.html 613,1371 755,1395
rect ../index.html?filename=3.3/download.html 621,1404 747,1428
rect ../index.html?filename=3.3/faq.html 619,1437 749,1461
rect ../index.html?filename=3.3/features.html 609,1471 759,1495
rect ../index.html?filename=3.3/requirements.html 612,1504 756,1528
rect ../index.html?filename=3.3/screenshots1.html 580,1537 788,1561
rect ../index.html?filename=3.3/ChangeLog.html 813,1371 1027,1395
rect ../index.html?filename=3.3/screenshots2.html 816,1521 1024,1545
rect ../index.html?filename=3.3/screenshots3.html 816,1555 1024,1579
rect ../index.html?filename=3.2/announce-kdevelop-3.2.html 593,1571 775,1595
rect ../index.html?filename=3.2/authors.html 625,1604 743,1628
rect ../index.html?filename=3.2/branches_compiling.html 583,1637 785,1661
rect ../index.html?filename=3.2/changes.html 613,1671 755,1695
rect ../index.html?filename=3.2/download.html 621,1704 747,1728
rect ../index.html?filename=3.2/faq.html 619,1737 749,1761
rect ../index.html?filename=3.2/features.html 609,1771 759,1795
rect ../index.html?filename=3.2/kdevelop_po_status.html 589,1804 779,1828
rect ../index.html?filename=3.2/requirements.html 612,1837 756,1861
rect ../index.html?filename=3.2/screenshots1.html 580,1871 788,1895
rect ../index.html?filename=3.2/screenshots2.html 816,1853 1024,1877
rect ../index.html?filename=3.2/screenshots3.html 816,1887 1024,1911
rect ../index.html?filename=3.1/announce-kdevelop-3.1.html 593,1904 775,1928
rect ../index.html?filename=3.1/authors.html 625,1937 743,1961
rect ../index.html?filename=3.1/branches_compiling.html 583,1971 785,1995
rect ../index.html?filename=3.1/changes.html 613,2004 755,2028
rect ../index.html?filename=3.1/download.html 621,2037 747,2061
rect ../index.html?filename=3.1/faq.html 619,2071 749,2095
rect ../index.html?filename=3.1/features.html 609,2104 759,2128
rect ../index.html?filename=3.1/kdevelop_po_status.html 589,2137 779,2161
rect ../index.html?filename=3.1/requirements.html 612,2171 756,2195
rect ../index.html?filename=3.1/screenshots1.html 580,2204 788,2228
rect ../index.html?filename=3.1/screenshots2.html 816,2204 1024,2228
rect ../index.html?filename=3.0/announce-kdevelop-3.0.html 593,2237 775,2261
rect ../index.html?filename=3.0/authors.html 625,2271 743,2295
rect ../index.html?filename=3.0/branches_compiling.html 583,2304 785,2328
rect ../index.html?filename=3.0/changes.html 613,2337 755,2361
rect ../index.html?filename=3.0/download.html 621,2371 747,2395
rect ../index.html?filename=3.0/faq.html 619,2404 749,2428
rect ../index.html?filename=3.0/features.html 609,2437 759,2461
rect ../index.html?filename=3.0/kdevelop_po_status.html 589,2471 779,2495
rect ../index.html?filename=3.0/requirements.html 612,2504 756,2528
rect ../index.html?filename=3.0/screenshots1.html 580,2537 788,2561
rect ../index.html?filename=3.0/screenshots2.html 816,2520 1024,2544
rect ../index.html?filename=3.0/screenshots3.html 816,2553 1024,2577
rect ../index.html?filename=2.1/announce-kdevelop-2.0.html 593,2571 775,2595
rect ../index.html?filename=2.1/authors.html 629,2604 739,2628
rect ../index.html?filename=2.1/changes.html 619,2637 749,2661
rect ../index.html?filename=2.1/faq.html 599,2671 769,2695
rect ../index.html?filename=2.1/features.html 613,2704 755,2728
rect ../index.html?filename=2.1/screenshots1.html 584,2737 784,2761
rect ../index.html?filename=2.1/screenshots2.html 820,2721 1020,2745
rect ../index.html?filename=2.1/screenshots3.html 820,2755 1020,2779
rect ../index.html?filename=1.3/announce-kdevelop-1.3.html 593,2771 775,2795
rect ../index.html?filename=1.3/authors.html 629,2804 739,2828
rect ../index.html?filename=1.3/changes.html 619,2837 749,2861
rect ../index.html?filename=1.3/features.html 613,2871 755,2895
rect ../index.html?filename=1.3/pressrelease1.0.html 591,2904 777,2928
rect ../index.html?filename=1.3/pressrelease1.1.html 591,2937 777,2961
rect ../index.html?filename=1.3/screenshots1.html 584,2971 784,2995
rect ../index.html?filename=1.3/screenshots2.html 820,2953 1020,2977
rect ../index.html?filename=1.3/screenshots3.html 820,2987 1020,3011
rect ../index.html?filename=events/akademy2004.html 392,2871 469,2895
rect ../index.html?filename=events/akademy2006.html 392,2904 469,2928
rect ../index.html?filename=events/kastle2003.html 395,2937 467,2961
rect ../index.html?filename=events/linuxtag2000.html 395,2971 467,2995
rect ../index.html?filename=events/linuxtag2001.html 395,3004 467,3028
