base referer
rect ../index.html?filename=HEAD/authors.html 365,5 491,29
rect ../index.html?filename=HEAD/kdevelop.html 96,172 288,196
rect ../index.html?filename=HEAD/branches_compiling.html 323,39 533,63
rect ../index.html?filename=HEAD/changes.html 355,72 501,96
rect ../HEAD/doc/api/ 380,105 476,129
rect ../HEAD/doc/platform/ 392,139 464,163
rect ../index.html?filename=HEAD/download.html 361,172 495,196
rect ../index.html?filename=HEAD/faq.html 335,205 521,229
rect ../index.html?filename=HEAD/features.html 349,239 507,263
rect ../index.html?filename=HEAD/requirements.html 352,272 504,296
rect ../index.html?filename=HEAD/screenshots1.html 323,305 533,329
rect ../index.html?filename=HEAD/ChangeLog.html 568,72 787,96
rect ../index.html?filename=main.html 5,805 77,829
rect ../index.html?filename=3.5/kdevelop.html 100,405 284,429
rect ../index.html?filename=main2007.html 149,439 235,463
rect ../index.html?filename=awards.html 156,472 228,496
rect ../index.html?filename=bugs.html 145,505 239,529
rect ../chat/ 156,539 228,563
rect ../index.html?filename=current_work.html 129,572 255,596
rect ../index.html?filename=doc/technotes/index.html 129,605 255,629
rect ../index.html?filename=in_the_press.html 156,639 228,663
rect ../index.html?filename=join-the-team.html 152,672 232,696
rect ../index.html?filename=license.html 156,705 228,729
rect ../index.html?filename=links_development.html 129,739 255,763
rect ../index.html?filename=links_tools.html 115,772 269,796
rect ../index.html?filename=logos_banners.html 136,805 248,829
rect ../index.html?filename=mailinglist.html 145,839 239,863
rect ../mediawiki/ 156,872 228,896
rect ../index.html?filename=website_translation_status.html 119,905 265,929
rect ../phorum5/ 156,939 228,963
rect ../index.html?filename=pic_corner.html 115,972 269,996
rect ../index.html?filename=splashscreens.html 148,1005 236,1029
rect ../index.html?filename=sponsors.html 153,1039 231,1063
rect ../index.html?filename=stats.html 145,1072 239,1096
rect ../index.html?filename=tutorials.html 156,1105 228,1129
rect ../index.html?filename=upload.html 156,1139 228,1163
rect ../index.html?filename=users.html 132,1172 252,1196
rect ../index.html?filename=versions.html 147,1888 237,1912
rect ../index.html?filename=events.html 156,2920 228,2944
rect ../index.html?filename=HEAD/screenshots2.html 572,289 783,313
rect ../index.html?filename=HEAD/screenshots3.html 572,323 783,347
rect ../index.html?filename=3.5/authors.html 369,339 487,363
rect ../index.html?filename=3.5/branches_compiling.html 327,372 529,396
rect ../index.html?filename=3.5/changes.html 357,405 499,429
rect ../index.html?filename=3.5/download.html 365,439 491,463
rect ../index.html?filename=3.5/requirements.html 356,472 500,496
rect ../index.html?filename=3.5/ChangeLog.html 572,405 783,429
rect ../index.html?filename=main1999.html 868,423 953,447
rect ../index.html?filename=main2005.html 635,505 720,529
rect ../index.html?filename=main2000.html 868,456 953,480
rect ../index.html?filename=main2001.html 868,489 953,513
rect ../index.html?filename=main2002.html 868,523 953,547
rect ../index.html?filename=main2003.html 868,556 953,580
rect ../index.html?filename=main2004.html 868,589 953,613
rect ../index.html?filename=main2006.html 385,505 471,529
rect ../index.html?filename=optional_files_translation_status.html 308,905 548,929
rect ../3.0/doc/kmditutorial/index.html 381,1021 475,1045
rect ../index.html?filename=3.0/doc/tutorial_autoconf.html 327,1055 529,1079
rect ../3.0/doc/tutorial_qtopia/index.html 380,1088 476,1112
rect ../3.0/doc/tutorial_settings/index.html 341,1121 515,1145
rect ../index.html?filename=3.4/kdevelop.html 336,1155 520,1179
rect ../index.html?filename=3.3/kdevelop.html 336,1420 520,1444
rect ../index.html?filename=3.2/kdevelop.html 336,1737 520,1761
rect ../index.html?filename=3.1/kdevelop.html 336,2037 520,2061
rect ../index.html?filename=3.0/kdevelop.html 336,2371 520,2395
rect ../index.html?filename=2.1/kdevelop.html 340,2637 516,2661
rect ../index.html?filename=1.3/kdevelop.html 340,2837 516,2861
rect ../index.html?filename=3.4/announce-kdevelop-3.4.html 587,971 768,995
rect ../index.html?filename=3.4/authors.html 619,1004 736,1028
rect ../index.html?filename=3.4/branches_compiling.html 576,1037 779,1061
rect ../index.html?filename=3.4/changes.html 607,1071 748,1095
rect ../index.html?filename=3.4/download.html 615,1104 740,1128
rect ../index.html?filename=3.4/faq.html 612,1137 743,1161
rect ../index.html?filename=3.4/features.html 603,1171 752,1195
rect ../index.html?filename=3.4/requirements.html 605,1204 749,1228
rect ../index.html?filename=3.4/screenshots1.html 576,1237 779,1261
rect ../index.html?filename=3.4/ChangeLog.html 805,1071 1016,1095
rect ../index.html?filename=3.4/screenshots2.html 809,1221 1012,1245
rect ../index.html?filename=3.4/screenshots3.html 809,1255 1012,1279
rect ../index.html?filename=3.3/announce-kdevelop-3.3.html 587,1271 768,1295
rect ../index.html?filename=3.3/authors.html 619,1304 736,1328
rect ../index.html?filename=3.3/branches_compiling.html 576,1337 779,1361
rect ../index.html?filename=3.3/changes.html 607,1371 748,1395
rect ../index.html?filename=3.3/download.html 615,1404 740,1428
rect ../index.html?filename=3.3/faq.html 612,1437 743,1461
rect ../index.html?filename=3.3/features.html 603,1471 752,1495
rect ../index.html?filename=3.3/requirements.html 605,1504 749,1528
rect ../index.html?filename=3.3/screenshots1.html 576,1537 779,1561
rect ../index.html?filename=3.3/ChangeLog.html 805,1371 1016,1395
rect ../index.html?filename=3.3/screenshots2.html 809,1521 1012,1545
rect ../index.html?filename=3.3/screenshots3.html 809,1555 1012,1579
rect ../index.html?filename=3.2/announce-kdevelop-3.2.html 587,1571 768,1595
rect ../index.html?filename=3.2/authors.html 619,1604 736,1628
rect ../index.html?filename=3.2/branches_compiling.html 576,1637 779,1661
rect ../index.html?filename=3.2/changes.html 607,1671 748,1695
rect ../index.html?filename=3.2/download.html 615,1704 740,1728
rect ../index.html?filename=3.2/faq.html 612,1737 743,1761
rect ../index.html?filename=3.2/features.html 603,1771 752,1795
rect ../index.html?filename=3.2/kdevelop_po_status.html 583,1804 772,1828
rect ../index.html?filename=3.2/requirements.html 605,1837 749,1861
rect ../index.html?filename=3.2/screenshots1.html 576,1871 779,1895
rect ../index.html?filename=3.2/screenshots2.html 809,1853 1012,1877
rect ../index.html?filename=3.2/screenshots3.html 809,1887 1012,1911
rect ../index.html?filename=3.1/announce-kdevelop-3.1.html 587,1904 768,1928
rect ../index.html?filename=3.1/authors.html 619,1937 736,1961
rect ../index.html?filename=3.1/branches_compiling.html 576,1971 779,1995
rect ../index.html?filename=3.1/changes.html 607,2004 748,2028
rect ../index.html?filename=3.1/download.html 615,2037 740,2061
rect ../index.html?filename=3.1/faq.html 612,2071 743,2095
rect ../index.html?filename=3.1/features.html 603,2104 752,2128
rect ../index.html?filename=3.1/kdevelop_po_status.html 583,2137 772,2161
rect ../index.html?filename=3.1/requirements.html 605,2171 749,2195
rect ../index.html?filename=3.1/screenshots1.html 576,2204 779,2228
rect ../index.html?filename=3.1/screenshots2.html 809,2204 1012,2228
rect ../index.html?filename=3.0/announce-kdevelop-3.0.html 587,2237 768,2261
rect ../index.html?filename=3.0/authors.html 619,2271 736,2295
rect ../index.html?filename=3.0/branches_compiling.html 576,2304 779,2328
rect ../index.html?filename=3.0/changes.html 607,2337 748,2361
rect ../index.html?filename=3.0/download.html 615,2371 740,2395
rect ../index.html?filename=3.0/faq.html 612,2404 743,2428
rect ../index.html?filename=3.0/features.html 603,2437 752,2461
rect ../index.html?filename=3.0/kdevelop_po_status.html 583,2471 772,2495
rect ../index.html?filename=3.0/requirements.html 605,2504 749,2528
rect ../index.html?filename=3.0/screenshots1.html 576,2537 779,2561
rect ../index.html?filename=3.0/screenshots2.html 809,2520 1012,2544
rect ../index.html?filename=3.0/screenshots3.html 809,2553 1012,2577
rect ../index.html?filename=2.1/announce-kdevelop-2.0.html 587,2571 768,2595
rect ../index.html?filename=2.1/authors.html 623,2604 732,2628
rect ../index.html?filename=2.1/changes.html 612,2637 743,2661
rect ../index.html?filename=2.1/faq.html 592,2671 763,2695
rect ../index.html?filename=2.1/features.html 607,2704 748,2728
rect ../index.html?filename=2.1/screenshots1.html 580,2737 775,2761
rect ../index.html?filename=2.1/screenshots2.html 813,2721 1008,2745
rect ../index.html?filename=2.1/screenshots3.html 813,2755 1008,2779
rect ../index.html?filename=1.3/announce-kdevelop-1.3.html 587,2771 768,2795
rect ../index.html?filename=1.3/authors.html 623,2804 732,2828
rect ../index.html?filename=1.3/changes.html 612,2837 743,2861
rect ../index.html?filename=1.3/features.html 607,2871 748,2895
rect ../index.html?filename=1.3/pressrelease1.0.html 584,2904 771,2928
rect ../index.html?filename=1.3/pressrelease1.1.html 584,2937 771,2961
rect ../index.html?filename=1.3/screenshots1.html 580,2971 775,2995
rect ../index.html?filename=1.3/screenshots2.html 813,2953 1008,2977
rect ../index.html?filename=1.3/screenshots3.html 813,2987 1008,3011
rect ../index.html?filename=events/akademy2004.html 389,2871 467,2895
rect ../index.html?filename=events/akademy2006.html 389,2904 467,2928
rect ../index.html?filename=events/kastle2003.html 392,2937 464,2961
rect ../index.html?filename=events/linuxtag2000.html 392,2971 464,2995
rect ../index.html?filename=events/linuxtag2001.html 392,3004 464,3028
