base referer
rect ../index.html?filename=HEAD/authors.html 387,5 477,29
rect ../index.html?filename=HEAD/kdevelop.html 111,172 260,196
rect ../index.html?filename=HEAD/branches_compiling.html 335,39 529,63
rect ../index.html?filename=HEAD/changes.html 384,72 480,96
rect ../HEAD/doc/api/ 375,105 489,129
rect ../HEAD/doc/platform/ 396,139 468,163
rect ../index.html?filename=HEAD/download.html 380,172 484,196
rect ../index.html?filename=HEAD/faq.html 395,205 469,229
rect ../index.html?filename=HEAD/features.html 368,239 496,263
rect ../index.html?filename=HEAD/requirements.html 380,272 484,296
rect ../index.html?filename=HEAD/screenshots1.html 325,305 539,329
rect ../index.html?filename=HEAD/ChangeLog.html 592,72 805,96
rect ../index.html?filename=main.html 5,805 77,829
rect ../index.html?filename=3.5/kdevelop.html 109,405 261,429
rect ../index.html?filename=main2007.html 143,439 228,463
rect ../index.html?filename=awards.html 149,472 221,496
rect ../index.html?filename=bugs.html 139,505 232,529
rect ../chat/ 149,539 221,563
rect ../index.html?filename=current_work.html 149,572 221,596
rect ../index.html?filename=doc/technotes/index.html 141,605 229,629
rect ../index.html?filename=in_the_press.html 149,639 221,663
rect ../index.html?filename=join-the-team.html 139,672 232,696
rect ../index.html?filename=license.html 149,705 221,729
rect ../index.html?filename=links_development.html 132,739 239,763
rect ../index.html?filename=links_tools.html 120,772 251,796
rect ../index.html?filename=logos_banners.html 133,805 237,829
rect ../index.html?filename=mailinglist.html 148,839 223,863
rect ../mediawiki/ 149,872 221,896
rect ../index.html?filename=website_translation_status.html 96,905 275,929
rect ../phorum5/ 149,939 221,963
rect ../index.html?filename=pic_corner.html 109,972 261,996
rect ../index.html?filename=splashscreens.html 123,1005 248,1029
rect ../index.html?filename=sponsors.html 147,1039 224,1063
rect ../index.html?filename=stats.html 123,1072 248,1096
rect ../index.html?filename=tutorials.html 149,1105 221,1129
rect ../index.html?filename=upload.html 149,1139 221,1163
rect ../index.html?filename=users.html 131,1172 240,1196
rect ../index.html?filename=versions.html 127,1888 244,1912
rect ../index.html?filename=events.html 149,2920 221,2944
rect ../index.html?filename=HEAD/screenshots2.html 592,289 805,313
rect ../index.html?filename=HEAD/screenshots3.html 592,323 805,347
rect ../index.html?filename=3.5/authors.html 385,339 479,363
rect ../index.html?filename=3.5/branches_compiling.html 333,372 531,396
rect ../index.html?filename=3.5/changes.html 383,405 481,429
rect ../index.html?filename=3.5/download.html 379,439 485,463
rect ../index.html?filename=3.5/requirements.html 379,472 485,496
rect ../index.html?filename=3.5/ChangeLog.html 591,405 807,429
rect ../index.html?filename=main1999.html 893,423 979,447
rect ../index.html?filename=main2005.html 656,505 741,529
rect ../index.html?filename=main2000.html 893,456 979,480
rect ../index.html?filename=main2001.html 893,489 979,513
rect ../index.html?filename=main2002.html 893,523 979,547
rect ../index.html?filename=main2003.html 893,556 979,580
rect ../index.html?filename=main2004.html 893,589 979,613
rect ../index.html?filename=main2006.html 389,505 475,529
rect ../index.html?filename=optional_files_translation_status.html 293,905 571,929
rect ../3.0/doc/kmditutorial/index.html 364,1021 500,1045
rect ../index.html?filename=3.0/doc/tutorial_autoconf.html 333,1055 531,1079
rect ../3.0/doc/tutorial_qtopia/index.html 363,1088 501,1112
rect ../3.0/doc/tutorial_settings/index.html 345,1121 519,1145
rect ../index.html?filename=3.4/kdevelop.html 356,1155 508,1179
rect ../index.html?filename=3.3/kdevelop.html 356,1420 508,1444
rect ../index.html?filename=3.2/kdevelop.html 356,1737 508,1761
rect ../index.html?filename=3.1/kdevelop.html 356,2037 508,2061
rect ../index.html?filename=3.0/kdevelop.html 356,2371 508,2395
rect ../index.html?filename=2.1/kdevelop.html 360,2637 504,2661
rect ../index.html?filename=1.3/kdevelop.html 365,2837 499,2861
rect ../index.html?filename=3.4/announce-kdevelop-3.4.html 631,971 767,995
rect ../index.html?filename=3.4/authors.html 652,1004 745,1028
rect ../index.html?filename=3.4/branches_compiling.html 600,1037 797,1061
rect ../index.html?filename=3.4/changes.html 649,1071 748,1095
rect ../index.html?filename=3.4/download.html 645,1104 752,1128
rect ../index.html?filename=3.4/faq.html 659,1137 739,1161
rect ../index.html?filename=3.4/features.html 632,1171 765,1195
rect ../index.html?filename=3.4/requirements.html 645,1204 752,1228
rect ../index.html?filename=3.4/screenshots1.html 589,1237 808,1261
rect ../index.html?filename=3.4/ChangeLog.html 828,1071 1044,1095
rect ../index.html?filename=3.4/screenshots2.html 827,1221 1045,1245
rect ../index.html?filename=3.4/screenshots3.html 827,1255 1045,1279
rect ../index.html?filename=3.3/announce-kdevelop-3.3.html 631,1271 767,1295
rect ../index.html?filename=3.3/authors.html 652,1304 745,1328
rect ../index.html?filename=3.3/branches_compiling.html 600,1337 797,1361
rect ../index.html?filename=3.3/changes.html 649,1371 748,1395
rect ../index.html?filename=3.3/download.html 645,1404 752,1428
rect ../index.html?filename=3.3/faq.html 659,1437 739,1461
rect ../index.html?filename=3.3/features.html 632,1471 765,1495
rect ../index.html?filename=3.3/requirements.html 645,1504 752,1528
rect ../index.html?filename=3.3/screenshots1.html 589,1537 808,1561
rect ../index.html?filename=3.3/ChangeLog.html 828,1371 1044,1395
rect ../index.html?filename=3.3/screenshots2.html 827,1521 1045,1545
rect ../index.html?filename=3.3/screenshots3.html 827,1555 1045,1579
rect ../index.html?filename=3.2/announce-kdevelop-3.2.html 631,1571 767,1595
rect ../index.html?filename=3.2/authors.html 652,1604 745,1628
rect ../index.html?filename=3.2/branches_compiling.html 600,1637 797,1661
rect ../index.html?filename=3.2/changes.html 649,1671 748,1695
rect ../index.html?filename=3.2/download.html 645,1704 752,1728
rect ../index.html?filename=3.2/faq.html 659,1737 739,1761
rect ../index.html?filename=3.2/features.html 632,1771 765,1795
rect ../index.html?filename=3.2/kdevelop_po_status.html 593,1804 804,1828
rect ../index.html?filename=3.2/requirements.html 645,1837 752,1861
rect ../index.html?filename=3.2/screenshots1.html 589,1871 808,1895
rect ../index.html?filename=3.2/screenshots2.html 827,1853 1045,1877
rect ../index.html?filename=3.2/screenshots3.html 827,1887 1045,1911
rect ../index.html?filename=3.1/announce-kdevelop-3.1.html 631,1904 767,1928
rect ../index.html?filename=3.1/authors.html 652,1937 745,1961
rect ../index.html?filename=3.1/branches_compiling.html 600,1971 797,1995
rect ../index.html?filename=3.1/changes.html 649,2004 748,2028
rect ../index.html?filename=3.1/download.html 645,2037 752,2061
rect ../index.html?filename=3.1/faq.html 659,2071 739,2095
rect ../index.html?filename=3.1/features.html 632,2104 765,2128
rect ../index.html?filename=3.1/kdevelop_po_status.html 593,2137 804,2161
rect ../index.html?filename=3.1/requirements.html 645,2171 752,2195
rect ../index.html?filename=3.1/screenshots1.html 589,2204 808,2228
rect ../index.html?filename=3.1/screenshots2.html 827,2204 1045,2228
rect ../index.html?filename=3.0/announce-kdevelop-3.0.html 631,2237 767,2261
rect ../index.html?filename=3.0/authors.html 652,2271 745,2295
rect ../index.html?filename=3.0/branches_compiling.html 600,2304 797,2328
rect ../index.html?filename=3.0/changes.html 649,2337 748,2361
rect ../index.html?filename=3.0/download.html 645,2371 752,2395
rect ../index.html?filename=3.0/faq.html 659,2404 739,2428
rect ../index.html?filename=3.0/features.html 632,2437 765,2461
rect ../index.html?filename=3.0/kdevelop_po_status.html 593,2471 804,2495
rect ../index.html?filename=3.0/requirements.html 645,2504 752,2528
rect ../index.html?filename=3.0/screenshots1.html 589,2537 808,2561
rect ../index.html?filename=3.0/screenshots2.html 827,2520 1045,2544
rect ../index.html?filename=3.0/screenshots3.html 827,2553 1045,2577
rect ../index.html?filename=2.1/announce-kdevelop-2.0.html 631,2571 767,2595
rect ../index.html?filename=2.1/authors.html 656,2604 741,2628
rect ../index.html?filename=2.1/changes.html 653,2637 744,2661
rect ../index.html?filename=2.1/faq.html 663,2671 735,2695
rect ../index.html?filename=2.1/features.html 637,2704 760,2728
rect ../index.html?filename=2.1/screenshots1.html 595,2737 803,2761
rect ../index.html?filename=2.1/screenshots2.html 832,2721 1040,2745
rect ../index.html?filename=2.1/screenshots3.html 832,2755 1040,2779
rect ../index.html?filename=1.3/announce-kdevelop-1.3.html 631,2771 767,2795
rect ../index.html?filename=1.3/authors.html 656,2804 741,2828
rect ../index.html?filename=1.3/changes.html 653,2837 744,2861
rect ../index.html?filename=1.3/features.html 639,2871 759,2895
rect ../index.html?filename=1.3/pressrelease1.0.html 628,2904 769,2928
rect ../index.html?filename=1.3/pressrelease1.1.html 628,2937 769,2961
rect ../index.html?filename=1.3/screenshots1.html 595,2971 803,2995
rect ../index.html?filename=1.3/screenshots2.html 832,2953 1040,2977
rect ../index.html?filename=1.3/screenshots3.html 832,2987 1040,3011
rect ../index.html?filename=events/akademy2004.html 393,2871 471,2895
rect ../index.html?filename=events/akademy2006.html 393,2904 471,2928
rect ../index.html?filename=events/kastle2003.html 396,2937 468,2961
rect ../index.html?filename=events/linuxtag2000.html 396,2971 468,2995
rect ../index.html?filename=events/linuxtag2001.html 396,3004 468,3028
