base referer
rect ../index.html?filename=HEAD/authors.html 308,5 383,29
rect ../index.html?filename=HEAD/kdevelop.html 115,172 197,196
rect ../index.html?filename=HEAD/branches_compiling.html 259,39 432,63
rect ../index.html?filename=HEAD/changes.html 293,72 397,96
rect ../HEAD/doc/api/ 300,105 391,129
rect ../HEAD/doc/platform/ 309,139 381,163
rect ../index.html?filename=HEAD/download.html 304,172 387,196
rect ../index.html?filename=HEAD/faq.html 309,205 381,229
rect ../index.html?filename=HEAD/features.html 307,239 384,263
rect ../index.html?filename=HEAD/requirements.html 291,272 400,296
rect ../index.html?filename=HEAD/screenshots1.html 277,305 413,329
rect ../index.html?filename=HEAD/ChangeLog.html 476,72 649,96
rect ../index.html?filename=main.html 5,805 77,829
rect ../index.html?filename=3.5/kdevelop.html 119,405 193,429
rect ../index.html?filename=main2007.html 112,439 200,463
rect ../index.html?filename=awards.html 111,472 201,496
rect ../index.html?filename=bugs.html 115,505 197,529
rect ../chat/ 120,539 192,563
rect ../index.html?filename=current_work.html 120,572 192,596
rect ../index.html?filename=doc/technotes/index.html 113,605 199,629
rect ../index.html?filename=in_the_press.html 120,639 192,663
rect ../index.html?filename=join-the-team.html 120,672 192,696
rect ../index.html?filename=license.html 120,705 192,729
rect ../index.html?filename=links_development.html 109,739 203,763
rect ../index.html?filename=links_tools.html 109,772 203,796
rect ../index.html?filename=logos_banners.html 112,805 200,829
rect ../index.html?filename=mailinglist.html 120,839 192,863
rect ../mediawiki/ 120,872 192,896
rect ../index.html?filename=website_translation_status.html 96,905 216,929
rect ../phorum5/ 120,939 192,963
rect ../index.html?filename=pic_corner.html 105,972 207,996
rect ../index.html?filename=splashscreens.html 117,1005 195,1029
rect ../index.html?filename=sponsors.html 120,1039 192,1063
rect ../index.html?filename=stats.html 105,1072 207,1096
rect ../index.html?filename=tutorials.html 120,1105 192,1129
rect ../index.html?filename=upload.html 120,1139 192,1163
rect ../index.html?filename=users.html 97,1172 215,1196
rect ../index.html?filename=versions.html 105,1888 207,1912
rect ../index.html?filename=events.html 116,2920 196,2944
rect ../index.html?filename=HEAD/screenshots2.html 495,289 631,313
rect ../index.html?filename=HEAD/screenshots3.html 495,323 631,347
rect ../index.html?filename=3.5/authors.html 309,339 381,363
rect ../index.html?filename=3.5/branches_compiling.html 263,372 428,396
rect ../index.html?filename=3.5/changes.html 296,405 395,429
rect ../index.html?filename=3.5/download.html 307,439 384,463
rect ../index.html?filename=3.5/requirements.html 293,472 397,496
rect ../index.html?filename=3.5/ChangeLog.html 479,405 647,429
rect ../index.html?filename=main1999.html 709,423 797,447
rect ../index.html?filename=main2005.html 519,505 607,529
rect ../index.html?filename=main2000.html 709,456 797,480
rect ../index.html?filename=main2001.html 709,489 797,513
rect ../index.html?filename=main2002.html 709,523 797,547
rect ../index.html?filename=main2003.html 709,556 797,580
rect ../index.html?filename=main2004.html 709,589 797,613
rect ../index.html?filename=main2006.html 301,505 389,529
rect ../index.html?filename=optional_files_translation_status.html 235,905 456,929
rect ../3.0/doc/kmditutorial/index.html 299,1021 392,1045
rect ../index.html?filename=3.0/doc/tutorial_autoconf.html 255,1055 436,1079
rect ../3.0/doc/tutorial_qtopia/index.html 297,1088 393,1112
rect ../3.0/doc/tutorial_settings/index.html 256,1121 435,1145
rect ../index.html?filename=3.4/kdevelop.html 308,1155 383,1179
rect ../index.html?filename=3.3/kdevelop.html 308,1420 383,1444
rect ../index.html?filename=3.2/kdevelop.html 308,1737 383,1761
rect ../index.html?filename=3.1/kdevelop.html 308,2037 383,2061
rect ../index.html?filename=3.0/kdevelop.html 308,2371 383,2395
rect ../index.html?filename=2.1/kdevelop.html 309,2637 381,2661
rect ../index.html?filename=1.3/kdevelop.html 309,2837 381,2861
rect ../index.html?filename=3.4/announce-kdevelop-3.4.html 501,971 624,995
rect ../index.html?filename=3.4/authors.html 527,1004 599,1028
rect ../index.html?filename=3.4/branches_compiling.html 480,1037 645,1061
rect ../index.html?filename=3.4/changes.html 513,1071 612,1095
rect ../index.html?filename=3.4/download.html 524,1104 601,1128
rect ../index.html?filename=3.4/faq.html 527,1137 599,1161
rect ../index.html?filename=3.4/features.html 527,1171 599,1195
rect ../index.html?filename=3.4/requirements.html 511,1204 615,1228
rect ../index.html?filename=3.4/screenshots1.html 499,1237 627,1261
rect ../index.html?filename=3.4/ChangeLog.html 669,1071 837,1095
rect ../index.html?filename=3.4/screenshots2.html 689,1221 817,1245
rect ../index.html?filename=3.4/screenshots3.html 689,1255 817,1279
rect ../index.html?filename=3.3/announce-kdevelop-3.3.html 501,1271 624,1295
rect ../index.html?filename=3.3/authors.html 527,1304 599,1328
rect ../index.html?filename=3.3/branches_compiling.html 480,1337 645,1361
rect ../index.html?filename=3.3/changes.html 513,1371 612,1395
rect ../index.html?filename=3.3/download.html 524,1404 601,1428
rect ../index.html?filename=3.3/faq.html 527,1437 599,1461
rect ../index.html?filename=3.3/features.html 527,1471 599,1495
rect ../index.html?filename=3.3/requirements.html 511,1504 615,1528
rect ../index.html?filename=3.3/screenshots1.html 499,1537 627,1561
rect ../index.html?filename=3.3/ChangeLog.html 669,1371 837,1395
rect ../index.html?filename=3.3/screenshots2.html 689,1521 817,1545
rect ../index.html?filename=3.3/screenshots3.html 689,1555 817,1579
rect ../index.html?filename=3.2/announce-kdevelop-3.2.html 501,1571 624,1595
rect ../index.html?filename=3.2/authors.html 527,1604 599,1628
rect ../index.html?filename=3.2/branches_compiling.html 480,1637 645,1661
rect ../index.html?filename=3.2/changes.html 513,1671 612,1695
rect ../index.html?filename=3.2/download.html 524,1704 601,1728
rect ../index.html?filename=3.2/faq.html 527,1737 599,1761
rect ../index.html?filename=3.2/features.html 527,1771 599,1795
rect ../index.html?filename=3.2/kdevelop_po_status.html 503,1804 623,1828
rect ../index.html?filename=3.2/requirements.html 511,1837 615,1861
rect ../index.html?filename=3.2/screenshots1.html 499,1871 627,1895
rect ../index.html?filename=3.2/screenshots2.html 689,1853 817,1877
rect ../index.html?filename=3.2/screenshots3.html 689,1887 817,1911
rect ../index.html?filename=3.1/announce-kdevelop-3.1.html 501,1904 624,1928
rect ../index.html?filename=3.1/authors.html 527,1937 599,1961
rect ../index.html?filename=3.1/branches_compiling.html 480,1971 645,1995
rect ../index.html?filename=3.1/changes.html 513,2004 612,2028
rect ../index.html?filename=3.1/download.html 524,2037 601,2061
rect ../index.html?filename=3.1/faq.html 527,2071 599,2095
rect ../index.html?filename=3.1/features.html 527,2104 599,2128
rect ../index.html?filename=3.1/kdevelop_po_status.html 503,2137 623,2161
rect ../index.html?filename=3.1/requirements.html 511,2171 615,2195
rect ../index.html?filename=3.1/screenshots1.html 499,2204 627,2228
rect ../index.html?filename=3.1/screenshots2.html 689,2204 817,2228
rect ../index.html?filename=3.0/announce-kdevelop-3.0.html 501,2237 624,2261
rect ../index.html?filename=3.0/authors.html 527,2271 599,2295
rect ../index.html?filename=3.0/branches_compiling.html 480,2304 645,2328
rect ../index.html?filename=3.0/changes.html 513,2337 612,2361
rect ../index.html?filename=3.0/download.html 524,2371 601,2395
rect ../index.html?filename=3.0/faq.html 527,2404 599,2428
rect ../index.html?filename=3.0/features.html 527,2437 599,2461
rect ../index.html?filename=3.0/kdevelop_po_status.html 503,2471 623,2495
rect ../index.html?filename=3.0/requirements.html 511,2504 615,2528
rect ../index.html?filename=3.0/screenshots1.html 499,2537 627,2561
rect ../index.html?filename=3.0/screenshots2.html 689,2520 817,2544
rect ../index.html?filename=3.0/screenshots3.html 689,2553 817,2577
rect ../index.html?filename=2.1/announce-kdevelop-2.0.html 501,2571 624,2595
rect ../index.html?filename=2.1/authors.html 527,2604 599,2628
rect ../index.html?filename=2.1/changes.html 517,2637 608,2661
rect ../index.html?filename=2.1/faq.html 527,2671 599,2695
rect ../index.html?filename=2.1/features.html 527,2704 599,2728
rect ../index.html?filename=2.1/screenshots1.html 503,2737 623,2761
rect ../index.html?filename=2.1/screenshots2.html 693,2721 813,2745
rect ../index.html?filename=2.1/screenshots3.html 693,2755 813,2779
rect ../index.html?filename=1.3/announce-kdevelop-1.3.html 501,2771 624,2795
rect ../index.html?filename=1.3/authors.html 527,2804 599,2828
rect ../index.html?filename=1.3/changes.html 519,2837 607,2861
rect ../index.html?filename=1.3/features.html 527,2871 599,2895
rect ../index.html?filename=1.3/pressrelease1.0.html 524,2904 601,2928
rect ../index.html?filename=1.3/pressrelease1.1.html 524,2937 601,2961
rect ../index.html?filename=1.3/screenshots1.html 503,2971 623,2995
rect ../index.html?filename=1.3/screenshots2.html 693,2953 813,2977
rect ../index.html?filename=1.3/screenshots3.html 693,2987 813,3011
rect ../index.html?filename=events/akademy2004.html 307,2871 384,2895
rect ../index.html?filename=events/akademy2006.html 307,2904 384,2928
rect ../index.html?filename=events/kastle2003.html 309,2937 381,2961
rect ../index.html?filename=events/linuxtag2000.html 309,2971 381,2995
rect ../index.html?filename=events/linuxtag2001.html 309,3004 381,3028
