base referer
rect ../index.html?filename=HEAD/authors.html 252,5 324,29
rect ../index.html?filename=HEAD/kdevelop.html 103,172 175,196
rect ../index.html?filename=HEAD/branches_compiling.html 236,39 340,63
rect ../index.html?filename=HEAD/changes.html 252,72 324,96
rect ../HEAD/doc/api/ 252,105 324,129
rect ../HEAD/doc/platform/ 252,139 324,163
rect ../index.html?filename=HEAD/download.html 252,172 324,196
rect ../index.html?filename=HEAD/faq.html 252,205 324,229
rect ../index.html?filename=HEAD/features.html 252,239 324,263
rect ../index.html?filename=HEAD/requirements.html 252,272 324,296
rect ../index.html?filename=HEAD/screenshots1.html 252,305 324,329
rect ../index.html?filename=HEAD/ChangeLog.html 396,72 513,96
rect ../index.html?filename=main.html 5,805 77,829
rect ../index.html?filename=3.5/kdevelop.html 103,405 175,429
rect ../index.html?filename=main2007.html 103,439 175,463
rect ../index.html?filename=awards.html 103,472 175,496
rect ../index.html?filename=bugs.html 103,505 175,529
rect ../chat/ 103,539 175,563
rect ../index.html?filename=current_work.html 103,572 175,596
rect ../index.html?filename=doc/technotes/index.html 96,605 181,629
rect ../index.html?filename=in_the_press.html 103,639 175,663
rect ../index.html?filename=join-the-team.html 103,672 175,696
rect ../index.html?filename=license.html 103,705 175,729
rect ../index.html?filename=links_development.html 103,739 175,763
rect ../index.html?filename=links_tools.html 103,772 175,796
rect ../index.html?filename=logos_banners.html 103,805 175,829
rect ../index.html?filename=mailinglist.html 103,839 175,863
rect ../mediawiki/ 103,872 175,896
rect ../index.html?filename=website_translation_status.html 103,905 175,929
rect ../phorum5/ 103,939 175,963
rect ../index.html?filename=pic_corner.html 103,972 175,996
rect ../index.html?filename=splashscreens.html 103,1005 175,1029
rect ../index.html?filename=sponsors.html 103,1039 175,1063
rect ../index.html?filename=stats.html 103,1072 175,1096
rect ../index.html?filename=tutorials.html 103,1105 175,1129
rect ../index.html?filename=upload.html 103,1139 175,1163
rect ../index.html?filename=users.html 103,1172 175,1196
rect ../index.html?filename=versions.html 103,1888 175,1912
rect ../index.html?filename=events.html 103,2920 175,2944
rect ../index.html?filename=HEAD/screenshots2.html 419,289 491,313
rect ../index.html?filename=HEAD/screenshots3.html 419,323 491,347
rect ../index.html?filename=3.5/authors.html 252,339 324,363
rect ../index.html?filename=3.5/branches_compiling.html 239,372 337,396
rect ../index.html?filename=3.5/changes.html 252,405 324,429
rect ../index.html?filename=3.5/download.html 252,439 324,463
rect ../index.html?filename=3.5/requirements.html 252,472 324,496
rect ../index.html?filename=3.5/ChangeLog.html 399,405 511,429
rect ../index.html?filename=main1999.html 553,423 625,447
rect ../index.html?filename=main2005.html 419,505 491,529
rect ../index.html?filename=main2000.html 553,456 625,480
rect ../index.html?filename=main2001.html 553,489 625,513
rect ../index.html?filename=main2002.html 553,523 625,547
rect ../index.html?filename=main2003.html 553,556 625,580
rect ../index.html?filename=main2004.html 553,589 625,613
rect ../index.html?filename=main2006.html 252,505 324,529
rect ../index.html?filename=optional_files_translation_status.html 240,905 336,929
rect ../3.0/doc/kmditutorial/index.html 241,1021 335,1045
rect ../index.html?filename=3.0/doc/tutorial_autoconf.html 219,1055 357,1079
rect ../3.0/doc/tutorial_qtopia/index.html 240,1088 336,1112
rect ../3.0/doc/tutorial_settings/index.html 201,1121 375,1145
rect ../index.html?filename=3.4/kdevelop.html 252,1155 324,1179
rect ../index.html?filename=3.3/kdevelop.html 252,1420 324,1444
rect ../index.html?filename=3.2/kdevelop.html 252,1737 324,1761
rect ../index.html?filename=3.1/kdevelop.html 252,2037 324,2061
rect ../index.html?filename=3.0/kdevelop.html 252,2371 324,2395
rect ../index.html?filename=2.1/kdevelop.html 252,2637 324,2661
rect ../index.html?filename=1.3/kdevelop.html 252,2837 324,2861
rect ../index.html?filename=3.4/announce-kdevelop-3.4.html 419,971 491,995
rect ../index.html?filename=3.4/authors.html 419,1004 491,1028
rect ../index.html?filename=3.4/branches_compiling.html 405,1037 504,1061
rect ../index.html?filename=3.4/changes.html 419,1071 491,1095
rect ../index.html?filename=3.4/download.html 419,1104 491,1128
rect ../index.html?filename=3.4/faq.html 419,1137 491,1161
rect ../index.html?filename=3.4/features.html 419,1171 491,1195
rect ../index.html?filename=3.4/requirements.html 419,1204 491,1228
rect ../index.html?filename=3.4/screenshots1.html 419,1237 491,1261
rect ../index.html?filename=3.4/ChangeLog.html 533,1071 645,1095
rect ../index.html?filename=3.4/screenshots2.html 553,1221 625,1245
rect ../index.html?filename=3.4/screenshots3.html 553,1255 625,1279
rect ../index.html?filename=3.3/announce-kdevelop-3.3.html 419,1271 491,1295
rect ../index.html?filename=3.3/authors.html 419,1304 491,1328
rect ../index.html?filename=3.3/branches_compiling.html 405,1337 504,1361
rect ../index.html?filename=3.3/changes.html 419,1371 491,1395
rect ../index.html?filename=3.3/download.html 419,1404 491,1428
rect ../index.html?filename=3.3/faq.html 419,1437 491,1461
rect ../index.html?filename=3.3/features.html 419,1471 491,1495
rect ../index.html?filename=3.3/requirements.html 419,1504 491,1528
rect ../index.html?filename=3.3/screenshots1.html 419,1537 491,1561
rect ../index.html?filename=3.3/ChangeLog.html 533,1371 645,1395
rect ../index.html?filename=3.3/screenshots2.html 553,1521 625,1545
rect ../index.html?filename=3.3/screenshots3.html 553,1555 625,1579
rect ../index.html?filename=3.2/announce-kdevelop-3.2.html 419,1571 491,1595
rect ../index.html?filename=3.2/authors.html 419,1604 491,1628
rect ../index.html?filename=3.2/branches_compiling.html 405,1637 504,1661
rect ../index.html?filename=3.2/changes.html 419,1671 491,1695
rect ../index.html?filename=3.2/download.html 419,1704 491,1728
rect ../index.html?filename=3.2/faq.html 419,1737 491,1761
rect ../index.html?filename=3.2/features.html 419,1771 491,1795
rect ../index.html?filename=3.2/kdevelop_po_status.html 411,1804 499,1828
rect ../index.html?filename=3.2/requirements.html 419,1837 491,1861
rect ../index.html?filename=3.2/screenshots1.html 419,1871 491,1895
rect ../index.html?filename=3.2/screenshots2.html 553,1853 625,1877
rect ../index.html?filename=3.2/screenshots3.html 553,1887 625,1911
rect ../index.html?filename=3.1/announce-kdevelop-3.1.html 419,1904 491,1928
rect ../index.html?filename=3.1/authors.html 419,1937 491,1961
rect ../index.html?filename=3.1/branches_compiling.html 405,1971 504,1995
rect ../index.html?filename=3.1/changes.html 419,2004 491,2028
rect ../index.html?filename=3.1/download.html 419,2037 491,2061
rect ../index.html?filename=3.1/faq.html 419,2071 491,2095
rect ../index.html?filename=3.1/features.html 419,2104 491,2128
rect ../index.html?filename=3.1/kdevelop_po_status.html 411,2137 499,2161
rect ../index.html?filename=3.1/requirements.html 419,2171 491,2195
rect ../index.html?filename=3.1/screenshots1.html 419,2204 491,2228
rect ../index.html?filename=3.1/screenshots2.html 553,2204 625,2228
rect ../index.html?filename=3.0/announce-kdevelop-3.0.html 419,2237 491,2261
rect ../index.html?filename=3.0/authors.html 419,2271 491,2295
rect ../index.html?filename=3.0/branches_compiling.html 405,2304 504,2328
rect ../index.html?filename=3.0/changes.html 419,2337 491,2361
rect ../index.html?filename=3.0/download.html 419,2371 491,2395
rect ../index.html?filename=3.0/faq.html 419,2404 491,2428
rect ../index.html?filename=3.0/features.html 419,2437 491,2461
rect ../index.html?filename=3.0/kdevelop_po_status.html 411,2471 499,2495
rect ../index.html?filename=3.0/requirements.html 419,2504 491,2528
rect ../index.html?filename=3.0/screenshots1.html 419,2537 491,2561
rect ../index.html?filename=3.0/screenshots2.html 553,2520 625,2544
rect ../index.html?filename=3.0/screenshots3.html 553,2553 625,2577
rect ../index.html?filename=2.1/announce-kdevelop-2.0.html 419,2571 491,2595
rect ../index.html?filename=2.1/authors.html 419,2604 491,2628
rect ../index.html?filename=2.1/changes.html 419,2637 491,2661
rect ../index.html?filename=2.1/faq.html 419,2671 491,2695
rect ../index.html?filename=2.1/features.html 419,2704 491,2728
rect ../index.html?filename=2.1/screenshots1.html 419,2737 491,2761
rect ../index.html?filename=2.1/screenshots2.html 553,2721 625,2745
rect ../index.html?filename=2.1/screenshots3.html 553,2755 625,2779
rect ../index.html?filename=1.3/announce-kdevelop-1.3.html 419,2771 491,2795
rect ../index.html?filename=1.3/authors.html 419,2804 491,2828
rect ../index.html?filename=1.3/changes.html 419,2837 491,2861
rect ../index.html?filename=1.3/features.html 419,2871 491,2895
rect ../index.html?filename=1.3/pressrelease1.0.html 419,2904 491,2928
rect ../index.html?filename=1.3/pressrelease1.1.html 419,2937 491,2961
rect ../index.html?filename=1.3/screenshots1.html 419,2971 491,2995
rect ../index.html?filename=1.3/screenshots2.html 553,2953 625,2977
rect ../index.html?filename=1.3/screenshots3.html 553,2987 625,3011
rect ../index.html?filename=events/akademy2004.html 249,2871 327,2895
rect ../index.html?filename=events/akademy2006.html 249,2904 327,2928
rect ../index.html?filename=events/kastle2003.html 252,2937 324,2961
rect ../index.html?filename=events/linuxtag2000.html 252,2971 324,2995
rect ../index.html?filename=events/linuxtag2001.html 252,3004 324,3028
