base referer
rect ../index.html?filename=HEAD/authors.html 345,5 423,29
rect ../index.html?filename=HEAD/kdevelop.html 101,172 229,196
rect ../index.html?filename=HEAD/branches_compiling.html 303,39 465,63
rect ../index.html?filename=HEAD/changes.html 337,72 431,96
rect ../HEAD/doc/api/ 333,105 435,129
rect ../HEAD/doc/platform/ 348,139 420,163
rect ../index.html?filename=HEAD/download.html 343,172 425,196
rect ../index.html?filename=HEAD/faq.html 320,205 448,229
rect ../index.html?filename=HEAD/features.html 332,239 436,263
rect ../index.html?filename=HEAD/requirements.html 336,272 432,296
rect ../index.html?filename=HEAD/screenshots1.html 305,305 463,329
rect ../index.html?filename=HEAD/ChangeLog.html 552,72 709,96
rect ../index.html?filename=main.html 5,805 77,829
rect ../index.html?filename=3.5/kdevelop.html 105,405 225,429
rect ../index.html?filename=main2007.html 124,439 207,463
rect ../index.html?filename=awards.html 129,472 201,496
rect ../index.html?filename=bugs.html 111,505 220,529
rect ../chat/ 129,539 201,563
rect ../index.html?filename=current_work.html 123,572 208,596
rect ../index.html?filename=doc/technotes/index.html 117,605 213,629
rect ../index.html?filename=in_the_press.html 129,639 201,663
rect ../index.html?filename=join-the-team.html 103,672 228,696
rect ../index.html?filename=license.html 129,705 201,729
rect ../index.html?filename=links_development.html 109,739 221,763
rect ../index.html?filename=links_tools.html 111,772 220,796
rect ../index.html?filename=logos_banners.html 112,805 219,829
rect ../index.html?filename=mailinglist.html 119,839 212,863
rect ../mediawiki/ 129,872 201,896
rect ../index.html?filename=website_translation_status.html 97,905 233,929
rect ../phorum5/ 129,939 201,963
rect ../index.html?filename=pic_corner.html 125,972 205,996
rect ../index.html?filename=splashscreens.html 129,1005 201,1029
rect ../index.html?filename=sponsors.html 129,1039 201,1063
rect ../index.html?filename=stats.html 119,1072 212,1096
rect ../index.html?filename=tutorials.html 119,1105 212,1129
rect ../index.html?filename=upload.html 121,1139 209,1163
rect ../index.html?filename=users.html 129,1172 201,1196
rect ../index.html?filename=versions.html 111,1888 220,1912
rect ../index.html?filename=events.html 129,2920 201,2944
rect ../index.html?filename=HEAD/screenshots2.html 552,289 709,313
rect ../index.html?filename=HEAD/screenshots3.html 552,323 709,347
rect ../index.html?filename=3.5/authors.html 348,339 420,363
rect ../index.html?filename=3.5/branches_compiling.html 307,372 461,396
rect ../index.html?filename=3.5/changes.html 340,405 428,429
rect ../index.html?filename=3.5/download.html 347,439 421,463
rect ../index.html?filename=3.5/requirements.html 339,472 429,496
rect ../index.html?filename=3.5/ChangeLog.html 556,405 705,429
rect ../index.html?filename=main1999.html 781,423 864,447
rect ../index.html?filename=main2005.html 589,505 672,529
rect ../index.html?filename=main2000.html 781,456 864,480
rect ../index.html?filename=main2001.html 781,489 864,513
rect ../index.html?filename=main2002.html 781,523 864,547
rect ../index.html?filename=main2003.html 781,556 864,580
rect ../index.html?filename=main2004.html 781,589 864,613
rect ../index.html?filename=main2006.html 343,505 425,529
rect ../index.html?filename=optional_files_translation_status.html 253,905 515,929
rect ../3.0/doc/kmditutorial/index.html 316,1021 452,1045
rect ../index.html?filename=3.0/doc/tutorial_autoconf.html 284,1055 484,1079
rect ../3.0/doc/tutorial_qtopia/index.html 315,1088 453,1112
rect ../3.0/doc/tutorial_settings/index.html 264,1121 504,1145
rect ../index.html?filename=3.4/kdevelop.html 324,1155 444,1179
rect ../index.html?filename=3.3/kdevelop.html 324,1420 444,1444
rect ../index.html?filename=3.2/kdevelop.html 324,1737 444,1761
rect ../index.html?filename=3.1/kdevelop.html 324,2037 444,2061
rect ../index.html?filename=3.0/kdevelop.html 324,2371 444,2395
rect ../index.html?filename=2.1/kdevelop.html 328,2637 440,2661
rect ../index.html?filename=1.3/kdevelop.html 328,2837 440,2861
rect ../index.html?filename=3.4/announce-kdevelop-3.4.html 579,971 683,995
rect ../index.html?filename=3.4/authors.html 595,1004 667,1028
rect ../index.html?filename=3.4/branches_compiling.html 553,1037 708,1061
rect ../index.html?filename=3.4/changes.html 587,1071 675,1095
rect ../index.html?filename=3.4/download.html 593,1104 668,1128
rect ../index.html?filename=3.4/faq.html 571,1137 691,1161
rect ../index.html?filename=3.4/features.html 583,1171 679,1195
rect ../index.html?filename=3.4/requirements.html 585,1204 676,1228
rect ../index.html?filename=3.4/screenshots1.html 556,1237 705,1261
rect ../index.html?filename=3.4/ChangeLog.html 748,1071 897,1095
rect ../index.html?filename=3.4/screenshots2.html 748,1221 897,1245
rect ../index.html?filename=3.4/screenshots3.html 748,1255 897,1279
rect ../index.html?filename=3.3/announce-kdevelop-3.3.html 579,1271 683,1295
rect ../index.html?filename=3.3/authors.html 595,1304 667,1328
rect ../index.html?filename=3.3/branches_compiling.html 553,1337 708,1361
rect ../index.html?filename=3.3/changes.html 587,1371 675,1395
rect ../index.html?filename=3.3/download.html 593,1404 668,1428
rect ../index.html?filename=3.3/faq.html 571,1437 691,1461
rect ../index.html?filename=3.3/features.html 583,1471 679,1495
rect ../index.html?filename=3.3/requirements.html 585,1504 676,1528
rect ../index.html?filename=3.3/screenshots1.html 556,1537 705,1561
rect ../index.html?filename=3.3/ChangeLog.html 748,1371 897,1395
rect ../index.html?filename=3.3/screenshots2.html 748,1521 897,1545
rect ../index.html?filename=3.3/screenshots3.html 748,1555 897,1579
rect ../index.html?filename=3.2/announce-kdevelop-3.2.html 579,1571 683,1595
rect ../index.html?filename=3.2/authors.html 595,1604 667,1628
rect ../index.html?filename=3.2/branches_compiling.html 553,1637 708,1661
rect ../index.html?filename=3.2/changes.html 587,1671 675,1695
rect ../index.html?filename=3.2/download.html 593,1704 668,1728
rect ../index.html?filename=3.2/faq.html 571,1737 691,1761
rect ../index.html?filename=3.2/features.html 583,1771 679,1795
rect ../index.html?filename=3.2/kdevelop_po_status.html 535,1804 727,1828
rect ../index.html?filename=3.2/requirements.html 585,1837 676,1861
rect ../index.html?filename=3.2/screenshots1.html 556,1871 705,1895
rect ../index.html?filename=3.2/screenshots2.html 748,1853 897,1877
rect ../index.html?filename=3.2/screenshots3.html 748,1887 897,1911
rect ../index.html?filename=3.1/announce-kdevelop-3.1.html 579,1904 683,1928
rect ../index.html?filename=3.1/authors.html 595,1937 667,1961
rect ../index.html?filename=3.1/branches_compiling.html 553,1971 708,1995
rect ../index.html?filename=3.1/changes.html 587,2004 675,2028
rect ../index.html?filename=3.1/download.html 593,2037 668,2061
rect ../index.html?filename=3.1/faq.html 571,2071 691,2095
rect ../index.html?filename=3.1/features.html 583,2104 679,2128
rect ../index.html?filename=3.1/kdevelop_po_status.html 535,2137 727,2161
rect ../index.html?filename=3.1/requirements.html 585,2171 676,2195
rect ../index.html?filename=3.1/screenshots1.html 556,2204 705,2228
rect ../index.html?filename=3.1/screenshots2.html 748,2204 897,2228
rect ../index.html?filename=3.0/announce-kdevelop-3.0.html 579,2237 683,2261
rect ../index.html?filename=3.0/authors.html 595,2271 667,2295
rect ../index.html?filename=3.0/branches_compiling.html 553,2304 708,2328
rect ../index.html?filename=3.0/changes.html 587,2337 675,2361
rect ../index.html?filename=3.0/download.html 593,2371 668,2395
rect ../index.html?filename=3.0/faq.html 571,2404 691,2428
rect ../index.html?filename=3.0/features.html 583,2437 679,2461
rect ../index.html?filename=3.0/kdevelop_po_status.html 535,2471 727,2495
rect ../index.html?filename=3.0/requirements.html 585,2504 676,2528
rect ../index.html?filename=3.0/screenshots1.html 556,2537 705,2561
rect ../index.html?filename=3.0/screenshots2.html 748,2520 897,2544
rect ../index.html?filename=3.0/screenshots3.html 748,2553 897,2577
rect ../index.html?filename=2.1/announce-kdevelop-2.0.html 579,2571 683,2595
rect ../index.html?filename=2.1/authors.html 595,2604 667,2628
rect ../index.html?filename=2.1/changes.html 591,2637 671,2661
rect ../index.html?filename=2.1/faq.html 575,2671 687,2695
rect ../index.html?filename=2.1/features.html 585,2704 676,2728
rect ../index.html?filename=2.1/screenshots1.html 560,2737 701,2761
rect ../index.html?filename=2.1/screenshots2.html 752,2721 893,2745
rect ../index.html?filename=2.1/screenshots3.html 752,2755 893,2779
rect ../index.html?filename=1.3/announce-kdevelop-1.3.html 579,2771 683,2795
rect ../index.html?filename=1.3/authors.html 595,2804 667,2828
rect ../index.html?filename=1.3/changes.html 592,2837 669,2861
rect ../index.html?filename=1.3/features.html 587,2871 675,2895
rect ../index.html?filename=1.3/pressrelease1.0.html 588,2904 673,2928
rect ../index.html?filename=1.3/pressrelease1.1.html 588,2937 673,2961
rect ../index.html?filename=1.3/screenshots1.html 560,2971 701,2995
rect ../index.html?filename=1.3/screenshots2.html 752,2953 893,2977
rect ../index.html?filename=1.3/screenshots3.html 752,2987 893,3011
rect ../index.html?filename=events/akademy2004.html 345,2871 423,2895
rect ../index.html?filename=events/akademy2006.html 345,2904 423,2928
rect ../index.html?filename=events/kastle2003.html 348,2937 420,2961
rect ../index.html?filename=events/linuxtag2000.html 348,2971 420,2995
rect ../index.html?filename=events/linuxtag2001.html 348,3004 420,3028
