base referer
rect ../index.html?filename=HEAD/authors.html 369,5 444,29
rect ../index.html?filename=HEAD/kdevelop.html 125,172 232,196
rect ../index.html?filename=HEAD/branches_compiling.html 324,39 489,63
rect ../index.html?filename=HEAD/changes.html 359,72 455,96
rect ../HEAD/doc/api/ 349,105 464,129
rect ../HEAD/doc/platform/ 327,139 487,163
rect ../index.html?filename=HEAD/download.html 364,172 449,196
rect ../index.html?filename=HEAD/faq.html 371,205 443,229
rect ../index.html?filename=HEAD/features.html 353,239 460,263
rect ../index.html?filename=HEAD/requirements.html 352,272 461,296
rect ../index.html?filename=HEAD/screenshots1.html 333,305 480,329
rect ../index.html?filename=HEAD/ChangeLog.html 579,72 685,96
rect ../index.html?filename=main.html 5,805 77,829
rect ../index.html?filename=3.5/kdevelop.html 129,405 228,429
rect ../index.html?filename=main2007.html 143,439 215,463
rect ../index.html?filename=awards.html 136,472 221,496
rect ../index.html?filename=bugs.html 127,505 231,529
rect ../chat/ 143,539 215,563
rect ../index.html?filename=current_work.html 137,572 220,596
rect ../index.html?filename=doc/technotes/index.html 109,605 248,629
rect ../index.html?filename=in_the_press.html 143,639 215,663
rect ../index.html?filename=join-the-team.html 143,672 215,696
rect ../index.html?filename=license.html 143,705 215,729
rect ../index.html?filename=links_development.html 139,739 219,763
rect ../index.html?filename=links_tools.html 120,772 237,796
rect ../index.html?filename=logos_banners.html 137,805 220,829
rect ../index.html?filename=mailinglist.html 143,839 215,863
rect ../mediawiki/ 143,872 215,896
rect ../index.html?filename=website_translation_status.html 97,905 260,929
rect ../phorum5/ 143,939 215,963
rect ../index.html?filename=pic_corner.html 135,972 223,996
rect ../index.html?filename=splashscreens.html 137,1005 220,1029
rect ../index.html?filename=sponsors.html 143,1039 215,1063
rect ../index.html?filename=stats.html 132,1072 225,1096
rect ../index.html?filename=tutorials.html 143,1105 215,1129
rect ../index.html?filename=upload.html 143,1139 215,1163
rect ../index.html?filename=users.html 113,1172 244,1196
rect ../index.html?filename=versions.html 119,1888 239,1912
rect ../index.html?filename=events.html 137,2920 220,2944
rect ../index.html?filename=HEAD/screenshots2.html 559,289 705,313
rect ../index.html?filename=HEAD/screenshots3.html 559,323 705,347
rect ../index.html?filename=3.5/authors.html 371,339 443,363
rect ../index.html?filename=3.5/branches_compiling.html 328,372 485,396
rect ../index.html?filename=3.5/changes.html 363,405 451,429
rect ../index.html?filename=3.5/download.html 368,439 445,463
rect ../index.html?filename=3.5/requirements.html 356,472 457,496
rect ../index.html?filename=3.5/ChangeLog.html 585,405 679,429
rect ../index.html?filename=main1999.html 764,423 836,447
rect ../index.html?filename=main2005.html 596,505 668,529
rect ../index.html?filename=main2000.html 764,456 836,480
rect ../index.html?filename=main2001.html 764,489 836,513
rect ../index.html?filename=main2002.html 764,523 836,547
rect ../index.html?filename=main2003.html 764,556 836,580
rect ../index.html?filename=main2004.html 764,589 836,613
rect ../index.html?filename=main2006.html 371,505 443,529
rect ../index.html?filename=optional_files_translation_status.html 280,905 533,929
rect ../3.0/doc/kmditutorial/index.html 347,1021 467,1045
rect ../index.html?filename=3.0/doc/tutorial_autoconf.html 309,1055 504,1079
rect ../3.0/doc/tutorial_qtopia/index.html 345,1088 468,1112
rect ../3.0/doc/tutorial_settings/index.html 283,1121 531,1145
rect ../index.html?filename=3.4/kdevelop.html 357,1155 456,1179
rect ../index.html?filename=3.3/kdevelop.html 357,1420 456,1444
rect ../index.html?filename=3.2/kdevelop.html 357,1737 456,1761
rect ../index.html?filename=3.1/kdevelop.html 357,2037 456,2061
rect ../index.html?filename=3.0/kdevelop.html 357,2371 456,2395
rect ../index.html?filename=2.1/kdevelop.html 361,2637 452,2661
rect ../index.html?filename=1.3/kdevelop.html 361,2837 452,2861
rect ../index.html?filename=3.4/announce-kdevelop-3.4.html 577,971 687,995
rect ../index.html?filename=3.4/authors.html 596,1004 668,1028
rect ../index.html?filename=3.4/branches_compiling.html 553,1037 711,1061
rect ../index.html?filename=3.4/changes.html 588,1071 676,1095
rect ../index.html?filename=3.4/download.html 593,1104 671,1128
rect ../index.html?filename=3.4/faq.html 596,1137 668,1161
rect ../index.html?filename=3.4/features.html 583,1171 681,1195
rect ../index.html?filename=3.4/requirements.html 581,1204 683,1228
rect ../index.html?filename=3.4/screenshots1.html 563,1237 701,1261
rect ../index.html?filename=3.4/ChangeLog.html 753,1071 847,1095
rect ../index.html?filename=3.4/screenshots2.html 731,1221 869,1245
rect ../index.html?filename=3.4/screenshots3.html 731,1255 869,1279
rect ../index.html?filename=3.3/announce-kdevelop-3.3.html 577,1271 687,1295
rect ../index.html?filename=3.3/authors.html 596,1304 668,1328
rect ../index.html?filename=3.3/branches_compiling.html 553,1337 711,1361
rect ../index.html?filename=3.3/changes.html 588,1371 676,1395
rect ../index.html?filename=3.3/download.html 593,1404 671,1428
rect ../index.html?filename=3.3/faq.html 596,1437 668,1461
rect ../index.html?filename=3.3/features.html 583,1471 681,1495
rect ../index.html?filename=3.3/requirements.html 581,1504 683,1528
rect ../index.html?filename=3.3/screenshots1.html 563,1537 701,1561
rect ../index.html?filename=3.3/ChangeLog.html 753,1371 847,1395
rect ../index.html?filename=3.3/screenshots2.html 731,1521 869,1545
rect ../index.html?filename=3.3/screenshots3.html 731,1555 869,1579
rect ../index.html?filename=3.2/announce-kdevelop-3.2.html 577,1571 687,1595
rect ../index.html?filename=3.2/authors.html 596,1604 668,1628
rect ../index.html?filename=3.2/branches_compiling.html 553,1637 711,1661
rect ../index.html?filename=3.2/changes.html 588,1671 676,1695
rect ../index.html?filename=3.2/download.html 593,1704 671,1728
rect ../index.html?filename=3.2/faq.html 596,1737 668,1761
rect ../index.html?filename=3.2/features.html 583,1771 681,1795
rect ../index.html?filename=3.2/kdevelop_po_status.html 559,1804 705,1828
rect ../index.html?filename=3.2/requirements.html 581,1837 683,1861
rect ../index.html?filename=3.2/screenshots1.html 563,1871 701,1895
rect ../index.html?filename=3.2/screenshots2.html 731,1853 869,1877
rect ../index.html?filename=3.2/screenshots3.html 731,1887 869,1911
rect ../index.html?filename=3.1/announce-kdevelop-3.1.html 577,1904 687,1928
rect ../index.html?filename=3.1/authors.html 596,1937 668,1961
rect ../index.html?filename=3.1/branches_compiling.html 553,1971 711,1995
rect ../index.html?filename=3.1/changes.html 588,2004 676,2028
rect ../index.html?filename=3.1/download.html 593,2037 671,2061
rect ../index.html?filename=3.1/faq.html 596,2071 668,2095
rect ../index.html?filename=3.1/features.html 583,2104 681,2128
rect ../index.html?filename=3.1/kdevelop_po_status.html 559,2137 705,2161
rect ../index.html?filename=3.1/requirements.html 581,2171 683,2195
rect ../index.html?filename=3.1/screenshots1.html 563,2204 701,2228
rect ../index.html?filename=3.1/screenshots2.html 731,2204 869,2228
rect ../index.html?filename=3.0/announce-kdevelop-3.0.html 577,2237 687,2261
rect ../index.html?filename=3.0/authors.html 596,2271 668,2295
rect ../index.html?filename=3.0/branches_compiling.html 553,2304 711,2328
rect ../index.html?filename=3.0/changes.html 588,2337 676,2361
rect ../index.html?filename=3.0/download.html 593,2371 671,2395
rect ../index.html?filename=3.0/faq.html 596,2404 668,2428
rect ../index.html?filename=3.0/features.html 583,2437 681,2461
rect ../index.html?filename=3.0/kdevelop_po_status.html 559,2471 705,2495
rect ../index.html?filename=3.0/requirements.html 581,2504 683,2528
rect ../index.html?filename=3.0/screenshots1.html 563,2537 701,2561
rect ../index.html?filename=3.0/screenshots2.html 731,2520 869,2544
rect ../index.html?filename=3.0/screenshots3.html 731,2553 869,2577
rect ../index.html?filename=2.1/announce-kdevelop-2.0.html 577,2571 687,2595
rect ../index.html?filename=2.1/authors.html 596,2604 668,2628
rect ../index.html?filename=2.1/changes.html 591,2637 673,2661
rect ../index.html?filename=2.1/faq.html 596,2671 668,2695
rect ../index.html?filename=2.1/features.html 587,2704 677,2728
rect ../index.html?filename=2.1/screenshots1.html 567,2737 697,2761
rect ../index.html?filename=2.1/screenshots2.html 735,2721 865,2745
rect ../index.html?filename=2.1/screenshots3.html 735,2755 865,2779
rect ../index.html?filename=1.3/announce-kdevelop-1.3.html 577,2771 687,2795
rect ../index.html?filename=1.3/authors.html 596,2804 668,2828
rect ../index.html?filename=1.3/changes.html 592,2837 672,2861
rect ../index.html?filename=1.3/features.html 587,2871 677,2895
rect ../index.html?filename=1.3/pressrelease1.0.html 583,2904 681,2928
rect ../index.html?filename=1.3/pressrelease1.1.html 583,2937 681,2961
rect ../index.html?filename=1.3/screenshots1.html 567,2971 697,2995
rect ../index.html?filename=1.3/screenshots2.html 735,2953 865,2977
rect ../index.html?filename=1.3/screenshots3.html 735,2987 865,3011
rect ../index.html?filename=events/akademy2004.html 368,2871 445,2895
rect ../index.html?filename=events/akademy2006.html 368,2904 445,2928
rect ../index.html?filename=events/kastle2003.html 371,2937 443,2961
rect ../index.html?filename=events/linuxtag2000.html 369,2971 444,2995
rect ../index.html?filename=events/linuxtag2001.html 369,3004 444,3028
