base referer
rect ../index.html?filename=HEAD/authors.html 328,5 405,29
rect ../index.html?filename=HEAD/kdevelop.html 124,172 209,196
rect ../index.html?filename=HEAD/branches_compiling.html 280,39 453,63
rect ../index.html?filename=HEAD/changes.html 315,72 419,96
rect ../HEAD/doc/api/ 331,105 403,129
rect ../HEAD/doc/platform/ 331,139 403,163
rect ../index.html?filename=HEAD/download.html 307,172 427,196
rect ../index.html?filename=HEAD/faq.html 301,205 432,229
rect ../index.html?filename=HEAD/features.html 309,239 424,263
rect ../index.html?filename=HEAD/requirements.html 301,272 432,296
rect ../index.html?filename=HEAD/screenshots1.html 291,305 443,329
rect ../index.html?filename=HEAD/ChangeLog.html 497,72 740,96
rect ../index.html?filename=main.html 5,805 77,829
rect ../index.html?filename=3.5/kdevelop.html 127,405 207,429
rect ../index.html?filename=main2007.html 120,439 213,463
rect ../index.html?filename=awards.html 129,472 204,496
rect ../index.html?filename=bugs.html 120,505 213,529
rect ../chat/ 117,539 216,563
rect ../index.html?filename=current_work.html 127,572 207,596
rect ../index.html?filename=doc/technotes/index.html 100,605 233,629
rect ../index.html?filename=in_the_press.html 128,639 205,663
rect ../index.html?filename=join-the-team.html 124,672 209,696
rect ../index.html?filename=license.html 131,705 203,729
rect ../index.html?filename=links_development.html 108,739 225,763
rect ../index.html?filename=links_tools.html 107,772 227,796
rect ../index.html?filename=logos_banners.html 120,805 213,829
rect ../index.html?filename=mailinglist.html 119,839 215,863
rect ../mediawiki/ 131,872 203,896
rect ../index.html?filename=website_translation_status.html 100,905 233,929
rect ../phorum5/ 131,939 203,963
rect ../index.html?filename=pic_corner.html 99,972 235,996
rect ../index.html?filename=splashscreens.html 113,1005 220,1029
rect ../index.html?filename=sponsors.html 131,1039 203,1063
rect ../index.html?filename=stats.html 108,1072 225,1096
rect ../index.html?filename=tutorials.html 131,1105 203,1129
rect ../index.html?filename=upload.html 131,1139 203,1163
rect ../index.html?filename=users.html 97,1172 236,1196
rect ../index.html?filename=versions.html 125,1888 208,1912
rect ../index.html?filename=events.html 131,2920 203,2944
rect ../index.html?filename=HEAD/screenshots2.html 543,289 695,313
rect ../index.html?filename=HEAD/screenshots3.html 543,323 695,347
rect ../index.html?filename=3.5/authors.html 331,339 403,363
rect ../index.html?filename=3.5/branches_compiling.html 284,372 449,396
rect ../index.html?filename=3.5/changes.html 319,405 415,429
rect ../index.html?filename=3.5/download.html 311,439 423,463
rect ../index.html?filename=3.5/requirements.html 305,472 428,496
rect ../index.html?filename=3.5/ChangeLog.html 504,405 733,429
rect ../index.html?filename=main1999.html 829,423 923,447
rect ../index.html?filename=main2005.html 572,505 665,529
rect ../index.html?filename=main2000.html 829,456 923,480
rect ../index.html?filename=main2001.html 829,489 923,513
rect ../index.html?filename=main2002.html 829,523 923,547
rect ../index.html?filename=main2003.html 829,556 923,580
rect ../index.html?filename=main2004.html 829,589 923,613
rect ../index.html?filename=main2006.html 320,505 413,529
rect ../index.html?filename=optional_files_translation_status.html 257,905 476,929
rect ../3.0/doc/kmditutorial/index.html 317,1021 416,1045
rect ../index.html?filename=3.0/doc/tutorial_autoconf.html 276,1055 457,1079
rect ../3.0/doc/tutorial_qtopia/index.html 316,1088 417,1112
rect ../3.0/doc/tutorial_settings/index.html 263,1121 471,1145
rect ../index.html?filename=3.4/kdevelop.html 327,1155 407,1179
rect ../index.html?filename=3.3/kdevelop.html 327,1420 407,1444
rect ../index.html?filename=3.2/kdevelop.html 327,1737 407,1761
rect ../index.html?filename=3.1/kdevelop.html 327,2037 407,2061
rect ../index.html?filename=3.0/kdevelop.html 327,2371 407,2395
rect ../index.html?filename=2.1/kdevelop.html 331,2637 403,2661
rect ../index.html?filename=1.3/kdevelop.html 331,2837 403,2861
rect ../index.html?filename=3.4/announce-kdevelop-3.4.html 533,971 704,995
rect ../index.html?filename=3.4/authors.html 583,1004 655,1028
rect ../index.html?filename=3.4/branches_compiling.html 536,1037 701,1061
rect ../index.html?filename=3.4/changes.html 571,1071 667,1095
rect ../index.html?filename=3.4/download.html 563,1104 675,1128
rect ../index.html?filename=3.4/faq.html 557,1137 680,1161
rect ../index.html?filename=3.4/features.html 565,1171 672,1195
rect ../index.html?filename=3.4/requirements.html 557,1204 680,1228
rect ../index.html?filename=3.4/screenshots1.html 547,1237 691,1261
rect ../index.html?filename=3.4/ChangeLog.html 761,1071 991,1095
rect ../index.html?filename=3.4/screenshots2.html 804,1221 948,1245
rect ../index.html?filename=3.4/screenshots3.html 804,1255 948,1279
rect ../index.html?filename=3.3/announce-kdevelop-3.3.html 533,1271 704,1295
rect ../index.html?filename=3.3/authors.html 583,1304 655,1328
rect ../index.html?filename=3.3/branches_compiling.html 536,1337 701,1361
rect ../index.html?filename=3.3/changes.html 571,1371 667,1395
rect ../index.html?filename=3.3/download.html 563,1404 675,1428
rect ../index.html?filename=3.3/faq.html 557,1437 680,1461
rect ../index.html?filename=3.3/features.html 565,1471 672,1495
rect ../index.html?filename=3.3/requirements.html 557,1504 680,1528
rect ../index.html?filename=3.3/screenshots1.html 547,1537 691,1561
rect ../index.html?filename=3.3/ChangeLog.html 761,1371 991,1395
rect ../index.html?filename=3.3/screenshots2.html 804,1521 948,1545
rect ../index.html?filename=3.3/screenshots3.html 804,1555 948,1579
rect ../index.html?filename=3.2/announce-kdevelop-3.2.html 533,1571 704,1595
rect ../index.html?filename=3.2/authors.html 583,1604 655,1628
rect ../index.html?filename=3.2/branches_compiling.html 536,1637 701,1661
rect ../index.html?filename=3.2/changes.html 571,1671 667,1695
rect ../index.html?filename=3.2/download.html 563,1704 675,1728
rect ../index.html?filename=3.2/faq.html 557,1737 680,1761
rect ../index.html?filename=3.2/features.html 565,1771 672,1795
rect ../index.html?filename=3.2/kdevelop_po_status.html 527,1804 711,1828
rect ../index.html?filename=3.2/requirements.html 557,1837 680,1861
rect ../index.html?filename=3.2/screenshots1.html 547,1871 691,1895
rect ../index.html?filename=3.2/screenshots2.html 804,1853 948,1877
rect ../index.html?filename=3.2/screenshots3.html 804,1887 948,1911
rect ../index.html?filename=3.1/announce-kdevelop-3.1.html 533,1904 704,1928
rect ../index.html?filename=3.1/authors.html 583,1937 655,1961
rect ../index.html?filename=3.1/branches_compiling.html 536,1971 701,1995
rect ../index.html?filename=3.1/changes.html 571,2004 667,2028
rect ../index.html?filename=3.1/download.html 563,2037 675,2061
rect ../index.html?filename=3.1/faq.html 557,2071 680,2095
rect ../index.html?filename=3.1/features.html 565,2104 672,2128
rect ../index.html?filename=3.1/kdevelop_po_status.html 527,2137 711,2161
rect ../index.html?filename=3.1/requirements.html 557,2171 680,2195
rect ../index.html?filename=3.1/screenshots1.html 547,2204 691,2228
rect ../index.html?filename=3.1/screenshots2.html 804,2204 948,2228
rect ../index.html?filename=3.0/announce-kdevelop-3.0.html 533,2237 704,2261
rect ../index.html?filename=3.0/authors.html 583,2271 655,2295
rect ../index.html?filename=3.0/branches_compiling.html 536,2304 701,2328
rect ../index.html?filename=3.0/changes.html 571,2337 667,2361
rect ../index.html?filename=3.0/download.html 563,2371 675,2395
rect ../index.html?filename=3.0/faq.html 557,2404 680,2428
rect ../index.html?filename=3.0/features.html 565,2437 672,2461
rect ../index.html?filename=3.0/kdevelop_po_status.html 527,2471 711,2495
rect ../index.html?filename=3.0/requirements.html 557,2504 680,2528
rect ../index.html?filename=3.0/screenshots1.html 547,2537 691,2561
rect ../index.html?filename=3.0/screenshots2.html 804,2520 948,2544
rect ../index.html?filename=3.0/screenshots3.html 804,2553 948,2577
rect ../index.html?filename=2.1/announce-kdevelop-2.0.html 533,2571 704,2595
rect ../index.html?filename=2.1/authors.html 583,2604 655,2628
rect ../index.html?filename=2.1/changes.html 575,2637 663,2661
rect ../index.html?filename=2.1/faq.html 561,2671 676,2695
rect ../index.html?filename=2.1/features.html 571,2704 667,2728
rect ../index.html?filename=2.1/screenshots1.html 551,2737 687,2761
rect ../index.html?filename=2.1/screenshots2.html 808,2721 944,2745
rect ../index.html?filename=2.1/screenshots3.html 808,2755 944,2779
rect ../index.html?filename=1.3/announce-kdevelop-1.3.html 533,2771 704,2795
rect ../index.html?filename=1.3/authors.html 583,2804 655,2828
rect ../index.html?filename=1.3/changes.html 575,2837 663,2861
rect ../index.html?filename=1.3/features.html 569,2871 668,2895
rect ../index.html?filename=1.3/pressrelease1.0.html 552,2904 685,2928
rect ../index.html?filename=1.3/pressrelease1.1.html 552,2937 685,2961
rect ../index.html?filename=1.3/screenshots1.html 551,2971 687,2995
rect ../index.html?filename=1.3/screenshots2.html 808,2953 944,2977
rect ../index.html?filename=1.3/screenshots3.html 808,2987 944,3011
rect ../index.html?filename=events/akademy2004.html 328,2871 405,2895
rect ../index.html?filename=events/akademy2006.html 328,2904 405,2928
rect ../index.html?filename=events/kastle2003.html 331,2937 403,2961
rect ../index.html?filename=events/linuxtag2000.html 331,2971 403,2995
rect ../index.html?filename=events/linuxtag2001.html 331,3004 403,3028
