base referer
rect ../index.html?filename=HEAD/authors.html 303,5 377,29
rect ../index.html?filename=HEAD/kdevelop.html 119,172 201,196
rect ../index.html?filename=HEAD/branches_compiling.html 256,39 424,63
rect ../index.html?filename=HEAD/changes.html 300,72 380,96
rect ../HEAD/doc/api/ 292,105 388,129
rect ../HEAD/doc/platform/ 304,139 376,163
rect ../index.html?filename=HEAD/download.html 299,172 381,196
rect ../index.html?filename=HEAD/faq.html 304,205 376,229
rect ../index.html?filename=HEAD/features.html 301,239 379,263
rect ../index.html?filename=HEAD/requirements.html 289,272 391,296
rect ../index.html?filename=HEAD/screenshots1.html 269,305 411,329
rect ../index.html?filename=HEAD/ChangeLog.html 456,72 621,96
rect ../index.html?filename=main.html 5,805 77,829
rect ../index.html?filename=3.5/kdevelop.html 123,405 197,429
rect ../index.html?filename=main2007.html 124,439 196,463
rect ../index.html?filename=awards.html 124,472 196,496
rect ../index.html?filename=bugs.html 120,505 200,529
rect ../chat/ 124,539 196,563
rect ../index.html?filename=current_work.html 124,572 196,596
rect ../index.html?filename=doc/technotes/index.html 117,605 203,629
rect ../index.html?filename=in_the_press.html 124,639 196,663
rect ../index.html?filename=join-the-team.html 124,672 196,696
rect ../index.html?filename=license.html 124,705 196,729
rect ../index.html?filename=links_development.html 112,739 208,763
rect ../index.html?filename=links_tools.html 113,772 207,796
rect ../index.html?filename=logos_banners.html 116,805 204,829
rect ../index.html?filename=mailinglist.html 124,839 196,863
rect ../mediawiki/ 124,872 196,896
rect ../index.html?filename=website_translation_status.html 96,905 224,929
rect ../phorum5/ 124,939 196,963
rect ../index.html?filename=pic_corner.html 104,972 216,996
rect ../index.html?filename=splashscreens.html 121,1005 199,1029
rect ../index.html?filename=sponsors.html 124,1039 196,1063
rect ../index.html?filename=stats.html 115,1072 205,1096
rect ../index.html?filename=tutorials.html 124,1105 196,1129
rect ../index.html?filename=upload.html 124,1139 196,1163
rect ../index.html?filename=users.html 121,1172 199,1196
rect ../index.html?filename=versions.html 113,1888 207,1912
rect ../index.html?filename=events.html 124,2920 196,2944
rect ../index.html?filename=HEAD/screenshots2.html 468,289 609,313
rect ../index.html?filename=HEAD/screenshots3.html 468,323 609,347
rect ../index.html?filename=3.5/authors.html 304,339 376,363
rect ../index.html?filename=3.5/branches_compiling.html 260,372 420,396
rect ../index.html?filename=3.5/changes.html 304,405 376,429
rect ../index.html?filename=3.5/download.html 301,439 379,463
rect ../index.html?filename=3.5/requirements.html 293,472 387,496
rect ../index.html?filename=3.5/ChangeLog.html 460,405 617,429
rect ../index.html?filename=main1999.html 684,423 756,447
rect ../index.html?filename=main2005.html 503,505 575,529
rect ../index.html?filename=main2000.html 684,456 756,480
rect ../index.html?filename=main2001.html 684,489 756,513
rect ../index.html?filename=main2002.html 684,523 756,547
rect ../index.html?filename=main2003.html 684,556 756,580
rect ../index.html?filename=main2004.html 684,589 756,613
rect ../index.html?filename=main2006.html 304,505 376,529
rect ../index.html?filename=optional_files_translation_status.html 243,905 437,929
rect ../3.0/doc/kmditutorial/index.html 293,1021 387,1045
rect ../index.html?filename=3.0/doc/tutorial_autoconf.html 253,1055 427,1079
rect ../3.0/doc/tutorial_qtopia/index.html 292,1088 388,1112
rect ../3.0/doc/tutorial_settings/index.html 253,1121 427,1145
rect ../index.html?filename=3.4/kdevelop.html 303,1155 377,1179
rect ../index.html?filename=3.3/kdevelop.html 303,1420 377,1444
rect ../index.html?filename=3.2/kdevelop.html 303,1737 377,1761
rect ../index.html?filename=3.1/kdevelop.html 303,2037 377,2061
rect ../index.html?filename=3.0/kdevelop.html 303,2371 377,2395
rect ../index.html?filename=2.1/kdevelop.html 304,2637 376,2661
rect ../index.html?filename=1.3/kdevelop.html 304,2837 376,2861
rect ../index.html?filename=3.4/announce-kdevelop-3.4.html 475,971 603,995
rect ../index.html?filename=3.4/authors.html 503,1004 575,1028
rect ../index.html?filename=3.4/branches_compiling.html 459,1037 619,1061
rect ../index.html?filename=3.4/changes.html 503,1071 575,1095
rect ../index.html?filename=3.4/download.html 500,1104 577,1128
rect ../index.html?filename=3.4/faq.html 503,1137 575,1161
rect ../index.html?filename=3.4/features.html 503,1171 575,1195
rect ../index.html?filename=3.4/requirements.html 492,1204 585,1228
rect ../index.html?filename=3.4/screenshots1.html 472,1237 605,1261
rect ../index.html?filename=3.4/ChangeLog.html 641,1071 799,1095
rect ../index.html?filename=3.4/screenshots2.html 653,1221 787,1245
rect ../index.html?filename=3.4/screenshots3.html 653,1255 787,1279
rect ../index.html?filename=3.3/announce-kdevelop-3.3.html 475,1271 603,1295
rect ../index.html?filename=3.3/authors.html 503,1304 575,1328
rect ../index.html?filename=3.3/branches_compiling.html 459,1337 619,1361
rect ../index.html?filename=3.3/changes.html 503,1371 575,1395
rect ../index.html?filename=3.3/download.html 500,1404 577,1428
rect ../index.html?filename=3.3/faq.html 503,1437 575,1461
rect ../index.html?filename=3.3/features.html 503,1471 575,1495
rect ../index.html?filename=3.3/requirements.html 492,1504 585,1528
rect ../index.html?filename=3.3/screenshots1.html 472,1537 605,1561
rect ../index.html?filename=3.3/ChangeLog.html 641,1371 799,1395
rect ../index.html?filename=3.3/screenshots2.html 653,1521 787,1545
rect ../index.html?filename=3.3/screenshots3.html 653,1555 787,1579
rect ../index.html?filename=3.2/announce-kdevelop-3.2.html 475,1571 603,1595
rect ../index.html?filename=3.2/authors.html 503,1604 575,1628
rect ../index.html?filename=3.2/branches_compiling.html 459,1637 619,1661
rect ../index.html?filename=3.2/changes.html 503,1671 575,1695
rect ../index.html?filename=3.2/download.html 500,1704 577,1728
rect ../index.html?filename=3.2/faq.html 503,1737 575,1761
rect ../index.html?filename=3.2/features.html 503,1771 575,1795
rect ../index.html?filename=3.2/kdevelop_po_status.html 472,1804 605,1828
rect ../index.html?filename=3.2/requirements.html 492,1837 585,1861
rect ../index.html?filename=3.2/screenshots1.html 472,1871 605,1895
rect ../index.html?filename=3.2/screenshots2.html 653,1853 787,1877
rect ../index.html?filename=3.2/screenshots3.html 653,1887 787,1911
rect ../index.html?filename=3.1/announce-kdevelop-3.1.html 475,1904 603,1928
rect ../index.html?filename=3.1/authors.html 503,1937 575,1961
rect ../index.html?filename=3.1/branches_compiling.html 459,1971 619,1995
rect ../index.html?filename=3.1/changes.html 503,2004 575,2028
rect ../index.html?filename=3.1/download.html 500,2037 577,2061
rect ../index.html?filename=3.1/faq.html 503,2071 575,2095
rect ../index.html?filename=3.1/features.html 503,2104 575,2128
rect ../index.html?filename=3.1/kdevelop_po_status.html 472,2137 605,2161
rect ../index.html?filename=3.1/requirements.html 492,2171 585,2195
rect ../index.html?filename=3.1/screenshots1.html 472,2204 605,2228
rect ../index.html?filename=3.1/screenshots2.html 653,2204 787,2228
rect ../index.html?filename=3.0/announce-kdevelop-3.0.html 475,2237 603,2261
rect ../index.html?filename=3.0/authors.html 503,2271 575,2295
rect ../index.html?filename=3.0/branches_compiling.html 459,2304 619,2328
rect ../index.html?filename=3.0/changes.html 503,2337 575,2361
rect ../index.html?filename=3.0/download.html 500,2371 577,2395
rect ../index.html?filename=3.0/faq.html 503,2404 575,2428
rect ../index.html?filename=3.0/features.html 503,2437 575,2461
rect ../index.html?filename=3.0/kdevelop_po_status.html 472,2471 605,2495
rect ../index.html?filename=3.0/requirements.html 492,2504 585,2528
rect ../index.html?filename=3.0/screenshots1.html 472,2537 605,2561
rect ../index.html?filename=3.0/screenshots2.html 653,2520 787,2544
rect ../index.html?filename=3.0/screenshots3.html 653,2553 787,2577
rect ../index.html?filename=2.1/announce-kdevelop-2.0.html 473,2571 604,2595
rect ../index.html?filename=2.1/authors.html 503,2604 575,2628
rect ../index.html?filename=2.1/changes.html 503,2637 575,2661
rect ../index.html?filename=2.1/faq.html 503,2671 575,2695
rect ../index.html?filename=2.1/features.html 503,2704 575,2728
rect ../index.html?filename=2.1/screenshots1.html 476,2737 601,2761
rect ../index.html?filename=2.1/screenshots2.html 657,2721 783,2745
rect ../index.html?filename=2.1/screenshots3.html 657,2755 783,2779
rect ../index.html?filename=1.3/announce-kdevelop-1.3.html 475,2771 603,2795
rect ../index.html?filename=1.3/authors.html 503,2804 575,2828
rect ../index.html?filename=1.3/changes.html 503,2837 575,2861
rect ../index.html?filename=1.3/features.html 503,2871 575,2895
rect ../index.html?filename=1.3/pressrelease1.0.html 495,2904 583,2928
rect ../index.html?filename=1.3/pressrelease1.1.html 495,2937 583,2961
rect ../index.html?filename=1.3/screenshots1.html 476,2971 601,2995
rect ../index.html?filename=1.3/screenshots2.html 657,2953 783,2977
rect ../index.html?filename=1.3/screenshots3.html 657,2987 783,3011
rect ../index.html?filename=events/akademy2004.html 301,2871 379,2895
rect ../index.html?filename=events/akademy2006.html 301,2904 379,2928
rect ../index.html?filename=events/kastle2003.html 304,2937 376,2961
rect ../index.html?filename=events/linuxtag2000.html 304,2971 376,2995
rect ../index.html?filename=events/linuxtag2001.html 304,3004 376,3028
