base referer
rect ../index.html?filename=HEAD/authors.html 324,5 399,29
rect ../index.html?filename=HEAD/kdevelop.html 108,172 225,196
rect ../index.html?filename=HEAD/branches_compiling.html 295,39 428,63
rect ../index.html?filename=HEAD/changes.html 317,72 405,96
rect ../HEAD/doc/api/ 315,105 408,129
rect ../HEAD/doc/platform/ 325,139 397,163
rect ../index.html?filename=HEAD/download.html 325,172 397,196
rect ../index.html?filename=HEAD/faq.html 325,205 397,229
rect ../index.html?filename=HEAD/features.html 309,239 413,263
rect ../index.html?filename=HEAD/requirements.html 288,272 435,296
rect ../index.html?filename=HEAD/screenshots1.html 303,305 420,329
rect ../index.html?filename=HEAD/ChangeLog.html 487,72 649,96
rect ../index.html?filename=main.html 5,805 77,829
rect ../index.html?filename=3.5/kdevelop.html 112,405 221,429
rect ../index.html?filename=main2007.html 131,439 203,463
rect ../index.html?filename=awards.html 131,472 203,496
rect ../index.html?filename=bugs.html 116,505 217,529
rect ../chat/ 131,539 203,563
rect ../index.html?filename=current_work.html 125,572 208,596
rect ../index.html?filename=doc/technotes/index.html 97,605 236,629
rect ../index.html?filename=in_the_press.html 131,639 203,663
rect ../index.html?filename=join-the-team.html 131,672 203,696
rect ../index.html?filename=license.html 131,705 203,729
rect ../index.html?filename=links_development.html 111,739 223,763
rect ../index.html?filename=links_tools.html 119,772 215,796
rect ../index.html?filename=logos_banners.html 111,805 223,829
rect ../index.html?filename=mailinglist.html 131,839 203,863
rect ../mediawiki/ 131,872 203,896
rect ../index.html?filename=website_translation_status.html 103,905 231,929
rect ../phorum5/ 131,939 203,963
rect ../index.html?filename=pic_corner.html 119,972 215,996
rect ../index.html?filename=splashscreens.html 131,1005 203,1029
rect ../index.html?filename=sponsors.html 131,1039 203,1063
rect ../index.html?filename=stats.html 113,1072 220,1096
rect ../index.html?filename=tutorials.html 131,1105 203,1129
rect ../index.html?filename=upload.html 131,1139 203,1163
rect ../index.html?filename=users.html 108,1172 225,1196
rect ../index.html?filename=versions.html 131,1888 203,1912
rect ../index.html?filename=events.html 131,2920 203,2944
rect ../index.html?filename=HEAD/screenshots2.html 509,289 627,313
rect ../index.html?filename=HEAD/screenshots3.html 509,323 627,347
rect ../index.html?filename=3.5/authors.html 325,339 397,363
rect ../index.html?filename=3.5/branches_compiling.html 297,372 425,396
rect ../index.html?filename=3.5/changes.html 321,405 401,429
rect ../index.html?filename=3.5/download.html 325,439 397,463
rect ../index.html?filename=3.5/requirements.html 292,472 431,496
rect ../index.html?filename=3.5/ChangeLog.html 489,405 647,429
rect ../index.html?filename=main1999.html 712,423 784,447
rect ../index.html?filename=main2005.html 532,505 604,529
rect ../index.html?filename=main2000.html 712,456 784,480
rect ../index.html?filename=main2001.html 712,489 784,513
rect ../index.html?filename=main2002.html 712,523 784,547
rect ../index.html?filename=main2003.html 712,556 784,580
rect ../index.html?filename=main2004.html 712,589 784,613
rect ../index.html?filename=main2006.html 325,505 397,529
rect ../index.html?filename=optional_files_translation_status.html 256,905 467,929
rect ../3.0/doc/kmditutorial/index.html 313,1021 409,1045
rect ../index.html?filename=3.0/doc/tutorial_autoconf.html 283,1055 440,1079
rect ../3.0/doc/tutorial_qtopia/index.html 312,1088 411,1112
rect ../3.0/doc/tutorial_settings/index.html 268,1121 455,1145
rect ../index.html?filename=3.4/kdevelop.html 307,1155 416,1179
rect ../index.html?filename=3.3/kdevelop.html 307,1420 416,1444
rect ../index.html?filename=3.2/kdevelop.html 307,1737 416,1761
rect ../index.html?filename=3.1/kdevelop.html 307,2037 416,2061
rect ../index.html?filename=3.0/kdevelop.html 307,2371 416,2395
rect ../index.html?filename=2.1/kdevelop.html 311,2637 412,2661
rect ../index.html?filename=1.3/kdevelop.html 311,2837 412,2861
rect ../index.html?filename=3.4/announce-kdevelop-3.4.html 521,971 615,995
rect ../index.html?filename=3.4/authors.html 532,1004 604,1028
rect ../index.html?filename=3.4/branches_compiling.html 504,1037 632,1061
rect ../index.html?filename=3.4/changes.html 528,1071 608,1095
rect ../index.html?filename=3.4/download.html 532,1104 604,1128
rect ../index.html?filename=3.4/faq.html 532,1137 604,1161
rect ../index.html?filename=3.4/features.html 519,1171 617,1195
rect ../index.html?filename=3.4/requirements.html 499,1204 637,1228
rect ../index.html?filename=3.4/screenshots1.html 513,1237 623,1261
rect ../index.html?filename=3.4/ChangeLog.html 669,1071 827,1095
rect ../index.html?filename=3.4/screenshots2.html 693,1221 803,1245
rect ../index.html?filename=3.4/screenshots3.html 693,1255 803,1279
rect ../index.html?filename=3.3/announce-kdevelop-3.3.html 521,1271 615,1295
rect ../index.html?filename=3.3/authors.html 532,1304 604,1328
rect ../index.html?filename=3.3/branches_compiling.html 504,1337 632,1361
rect ../index.html?filename=3.3/changes.html 528,1371 608,1395
rect ../index.html?filename=3.3/download.html 532,1404 604,1428
rect ../index.html?filename=3.3/faq.html 532,1437 604,1461
rect ../index.html?filename=3.3/features.html 519,1471 617,1495
rect ../index.html?filename=3.3/requirements.html 499,1504 637,1528
rect ../index.html?filename=3.3/screenshots1.html 513,1537 623,1561
rect ../index.html?filename=3.3/ChangeLog.html 669,1371 827,1395
rect ../index.html?filename=3.3/screenshots2.html 693,1521 803,1545
rect ../index.html?filename=3.3/screenshots3.html 693,1555 803,1579
rect ../index.html?filename=3.2/announce-kdevelop-3.2.html 521,1571 615,1595
rect ../index.html?filename=3.2/authors.html 532,1604 604,1628
rect ../index.html?filename=3.2/branches_compiling.html 504,1637 632,1661
rect ../index.html?filename=3.2/changes.html 528,1671 608,1695
rect ../index.html?filename=3.2/download.html 532,1704 604,1728
rect ../index.html?filename=3.2/faq.html 532,1737 604,1761
rect ../index.html?filename=3.2/features.html 519,1771 617,1795
rect ../index.html?filename=3.2/kdevelop_po_status.html 504,1804 632,1828
rect ../index.html?filename=3.2/requirements.html 499,1837 637,1861
rect ../index.html?filename=3.2/screenshots1.html 513,1871 623,1895
rect ../index.html?filename=3.2/screenshots2.html 693,1853 803,1877
rect ../index.html?filename=3.2/screenshots3.html 693,1887 803,1911
rect ../index.html?filename=3.1/announce-kdevelop-3.1.html 521,1904 615,1928
rect ../index.html?filename=3.1/authors.html 532,1937 604,1961
rect ../index.html?filename=3.1/branches_compiling.html 504,1971 632,1995
rect ../index.html?filename=3.1/changes.html 528,2004 608,2028
rect ../index.html?filename=3.1/download.html 532,2037 604,2061
rect ../index.html?filename=3.1/faq.html 532,2071 604,2095
rect ../index.html?filename=3.1/features.html 519,2104 617,2128
rect ../index.html?filename=3.1/kdevelop_po_status.html 504,2137 632,2161
rect ../index.html?filename=3.1/requirements.html 499,2171 637,2195
rect ../index.html?filename=3.1/screenshots1.html 513,2204 623,2228
rect ../index.html?filename=3.1/screenshots2.html 693,2204 803,2228
rect ../index.html?filename=3.0/announce-kdevelop-3.0.html 521,2237 615,2261
rect ../index.html?filename=3.0/authors.html 532,2271 604,2295
rect ../index.html?filename=3.0/branches_compiling.html 504,2304 632,2328
rect ../index.html?filename=3.0/changes.html 528,2337 608,2361
rect ../index.html?filename=3.0/download.html 532,2371 604,2395
rect ../index.html?filename=3.0/faq.html 532,2404 604,2428
rect ../index.html?filename=3.0/features.html 519,2437 617,2461
rect ../index.html?filename=3.0/kdevelop_po_status.html 504,2471 632,2495
rect ../index.html?filename=3.0/requirements.html 499,2504 637,2528
rect ../index.html?filename=3.0/screenshots1.html 513,2537 623,2561
rect ../index.html?filename=3.0/screenshots2.html 693,2520 803,2544
rect ../index.html?filename=3.0/screenshots3.html 693,2553 803,2577
rect ../index.html?filename=2.1/announce-kdevelop-2.0.html 520,2571 616,2595
rect ../index.html?filename=2.1/authors.html 532,2604 604,2628
rect ../index.html?filename=2.1/changes.html 532,2637 604,2661
rect ../index.html?filename=2.1/faq.html 532,2671 604,2695
rect ../index.html?filename=2.1/features.html 523,2704 613,2728
rect ../index.html?filename=2.1/screenshots1.html 517,2737 619,2761
rect ../index.html?filename=2.1/screenshots2.html 697,2721 799,2745
rect ../index.html?filename=2.1/screenshots3.html 697,2755 799,2779
rect ../index.html?filename=1.3/announce-kdevelop-1.3.html 521,2771 615,2795
rect ../index.html?filename=1.3/authors.html 532,2804 604,2828
rect ../index.html?filename=1.3/changes.html 532,2837 604,2861
rect ../index.html?filename=1.3/features.html 524,2871 612,2895
rect ../index.html?filename=1.3/pressrelease1.0.html 531,2904 605,2928
rect ../index.html?filename=1.3/pressrelease1.1.html 531,2937 605,2961
rect ../index.html?filename=1.3/screenshots1.html 517,2971 619,2995
rect ../index.html?filename=1.3/screenshots2.html 697,2953 799,2977
rect ../index.html?filename=1.3/screenshots3.html 697,2987 799,3011
rect ../index.html?filename=events/akademy2004.html 323,2871 400,2895
rect ../index.html?filename=events/akademy2006.html 323,2904 400,2928
rect ../index.html?filename=events/kastle2003.html 325,2937 397,2961
rect ../index.html?filename=events/linuxtag2000.html 325,2971 397,2995
rect ../index.html?filename=events/linuxtag2001.html 325,3004 397,3028
