base referer
rect ../index.html?filename=HEAD/authors.html 331,5 403,29
rect ../index.html?filename=HEAD/kdevelop.html 125,172 211,196
rect ../index.html?filename=HEAD/branches_compiling.html 285,39 448,63
rect ../index.html?filename=HEAD/changes.html 319,72 415,96
rect ../HEAD/doc/api/ 323,105 411,129
rect ../HEAD/doc/platform/ 331,139 403,163
rect ../index.html?filename=HEAD/download.html 325,172 408,196
rect ../index.html?filename=HEAD/faq.html 331,205 403,229
rect ../index.html?filename=HEAD/features.html 331,239 403,263
rect ../index.html?filename=HEAD/requirements.html 323,272 411,296
rect ../index.html?filename=HEAD/screenshots1.html 296,305 437,329
rect ../index.html?filename=HEAD/ChangeLog.html 503,72 636,96
rect ../index.html?filename=main.html 5,805 77,829
rect ../index.html?filename=3.5/kdevelop.html 128,405 208,429
rect ../index.html?filename=main2007.html 124,439 212,463
rect ../index.html?filename=awards.html 132,472 204,496
rect ../index.html?filename=bugs.html 123,505 213,529
rect ../chat/ 129,539 207,563
rect ../index.html?filename=current_work.html 109,572 227,596
rect ../index.html?filename=doc/technotes/index.html 113,605 223,629
rect ../index.html?filename=in_the_press.html 132,639 204,663
rect ../index.html?filename=join-the-team.html 111,672 225,696
rect ../index.html?filename=license.html 132,705 204,729
rect ../index.html?filename=links_development.html 117,739 219,763
rect ../index.html?filename=links_tools.html 107,772 229,796
rect ../index.html?filename=logos_banners.html 132,805 204,829
rect ../index.html?filename=mailinglist.html 132,839 204,863
rect ../mediawiki/ 132,872 204,896
rect ../index.html?filename=website_translation_status.html 97,905 239,929
rect ../phorum5/ 132,939 204,963
rect ../index.html?filename=pic_corner.html 131,972 205,996
rect ../index.html?filename=splashscreens.html 132,1005 204,1029
rect ../index.html?filename=sponsors.html 132,1039 204,1063
rect ../index.html?filename=stats.html 127,1072 209,1096
rect ../index.html?filename=tutorials.html 132,1105 204,1129
rect ../index.html?filename=upload.html 132,1139 204,1163
rect ../index.html?filename=users.html 132,1172 204,1196
rect ../index.html?filename=versions.html 100,1888 236,1912
rect ../index.html?filename=events.html 131,2920 205,2944
rect ../index.html?filename=HEAD/screenshots2.html 499,289 640,313
rect ../index.html?filename=HEAD/screenshots3.html 499,323 640,347
rect ../index.html?filename=3.5/authors.html 331,339 403,363
rect ../index.html?filename=3.5/branches_compiling.html 291,372 443,396
rect ../index.html?filename=3.5/changes.html 325,405 408,429
rect ../index.html?filename=3.5/download.html 328,439 405,463
rect ../index.html?filename=3.5/requirements.html 323,472 411,496
rect ../index.html?filename=3.5/ChangeLog.html 507,405 632,429
rect ../index.html?filename=main1999.html 688,423 776,447
rect ../index.html?filename=main2005.html 525,505 613,529
rect ../index.html?filename=main2000.html 688,456 776,480
rect ../index.html?filename=main2001.html 688,489 776,513
rect ../index.html?filename=main2002.html 688,523 776,547
rect ../index.html?filename=main2003.html 688,556 776,580
rect ../index.html?filename=main2004.html 688,589 776,613
rect ../index.html?filename=main2006.html 323,505 411,529
rect ../index.html?filename=optional_files_translation_status.html 260,905 473,929
rect ../3.0/doc/kmditutorial/index.html 315,1021 419,1045
rect ../index.html?filename=3.0/doc/tutorial_autoconf.html 269,1055 464,1079
rect ../3.0/doc/tutorial_qtopia/index.html 319,1088 415,1112
rect ../3.0/doc/tutorial_settings/index.html 268,1121 465,1145
rect ../index.html?filename=3.4/kdevelop.html 327,1155 407,1179
rect ../index.html?filename=3.3/kdevelop.html 327,1420 407,1444
rect ../index.html?filename=3.2/kdevelop.html 327,1737 407,1761
rect ../index.html?filename=3.1/kdevelop.html 327,2037 407,2061
rect ../index.html?filename=3.0/kdevelop.html 327,2371 407,2395
rect ../index.html?filename=2.1/kdevelop.html 329,2637 404,2661
rect ../index.html?filename=1.3/kdevelop.html 331,2837 403,2861
rect ../index.html?filename=3.4/announce-kdevelop-3.4.html 516,971 623,995
rect ../index.html?filename=3.4/authors.html 533,1004 605,1028
rect ../index.html?filename=3.4/branches_compiling.html 493,1037 645,1061
rect ../index.html?filename=3.4/changes.html 528,1071 611,1095
rect ../index.html?filename=3.4/download.html 531,1104 608,1128
rect ../index.html?filename=3.4/faq.html 533,1137 605,1161
rect ../index.html?filename=3.4/features.html 533,1171 605,1195
rect ../index.html?filename=3.4/requirements.html 525,1204 613,1228
rect ../index.html?filename=3.4/screenshots1.html 503,1237 636,1261
rect ../index.html?filename=3.4/ChangeLog.html 669,1071 795,1095
rect ../index.html?filename=3.4/screenshots2.html 665,1221 799,1245
rect ../index.html?filename=3.4/screenshots3.html 665,1255 799,1279
rect ../index.html?filename=3.3/announce-kdevelop-3.3.html 516,1271 623,1295
rect ../index.html?filename=3.3/authors.html 533,1304 605,1328
rect ../index.html?filename=3.3/branches_compiling.html 493,1337 645,1361
rect ../index.html?filename=3.3/changes.html 528,1371 611,1395
rect ../index.html?filename=3.3/download.html 531,1404 608,1428
rect ../index.html?filename=3.3/faq.html 533,1437 605,1461
rect ../index.html?filename=3.3/features.html 533,1471 605,1495
rect ../index.html?filename=3.3/requirements.html 525,1504 613,1528
rect ../index.html?filename=3.3/screenshots1.html 503,1537 636,1561
rect ../index.html?filename=3.3/ChangeLog.html 669,1371 795,1395
rect ../index.html?filename=3.3/screenshots2.html 665,1521 799,1545
rect ../index.html?filename=3.3/screenshots3.html 665,1555 799,1579
rect ../index.html?filename=3.2/announce-kdevelop-3.2.html 516,1571 623,1595
rect ../index.html?filename=3.2/authors.html 533,1604 605,1628
rect ../index.html?filename=3.2/branches_compiling.html 493,1637 645,1661
rect ../index.html?filename=3.2/changes.html 528,1671 611,1695
rect ../index.html?filename=3.2/download.html 531,1704 608,1728
rect ../index.html?filename=3.2/faq.html 533,1737 605,1761
rect ../index.html?filename=3.2/features.html 533,1771 605,1795
rect ../index.html?filename=3.2/kdevelop_po_status.html 495,1804 644,1828
rect ../index.html?filename=3.2/requirements.html 525,1837 613,1861
rect ../index.html?filename=3.2/screenshots1.html 503,1871 636,1895
rect ../index.html?filename=3.2/screenshots2.html 665,1853 799,1877
rect ../index.html?filename=3.2/screenshots3.html 665,1887 799,1911
rect ../index.html?filename=3.1/announce-kdevelop-3.1.html 516,1904 623,1928
rect ../index.html?filename=3.1/authors.html 533,1937 605,1961
rect ../index.html?filename=3.1/branches_compiling.html 493,1971 645,1995
rect ../index.html?filename=3.1/changes.html 528,2004 611,2028
rect ../index.html?filename=3.1/download.html 531,2037 608,2061
rect ../index.html?filename=3.1/faq.html 533,2071 605,2095
rect ../index.html?filename=3.1/features.html 533,2104 605,2128
rect ../index.html?filename=3.1/kdevelop_po_status.html 495,2137 644,2161
rect ../index.html?filename=3.1/requirements.html 525,2171 613,2195
rect ../index.html?filename=3.1/screenshots1.html 503,2204 636,2228
rect ../index.html?filename=3.1/screenshots2.html 665,2204 799,2228
rect ../index.html?filename=3.0/announce-kdevelop-3.0.html 516,2237 623,2261
rect ../index.html?filename=3.0/authors.html 533,2271 605,2295
rect ../index.html?filename=3.0/branches_compiling.html 493,2304 645,2328
rect ../index.html?filename=3.0/changes.html 528,2337 611,2361
rect ../index.html?filename=3.0/download.html 531,2371 608,2395
rect ../index.html?filename=3.0/faq.html 533,2404 605,2428
rect ../index.html?filename=3.0/features.html 533,2437 605,2461
rect ../index.html?filename=3.0/kdevelop_po_status.html 495,2471 644,2495
rect ../index.html?filename=3.0/requirements.html 525,2504 613,2528
rect ../index.html?filename=3.0/screenshots1.html 503,2537 636,2561
rect ../index.html?filename=3.0/screenshots2.html 665,2520 799,2544
rect ../index.html?filename=3.0/screenshots3.html 665,2553 799,2577
rect ../index.html?filename=2.1/announce-kdevelop-2.0.html 515,2571 624,2595
rect ../index.html?filename=2.1/authors.html 533,2604 605,2628
rect ../index.html?filename=2.1/changes.html 532,2637 607,2661
rect ../index.html?filename=2.1/faq.html 533,2671 605,2695
rect ../index.html?filename=2.1/features.html 533,2704 605,2728
rect ../index.html?filename=2.1/screenshots1.html 505,2737 633,2761
rect ../index.html?filename=2.1/screenshots2.html 668,2721 796,2745
rect ../index.html?filename=2.1/screenshots3.html 668,2755 796,2779
rect ../index.html?filename=1.3/announce-kdevelop-1.3.html 516,2771 623,2795
rect ../index.html?filename=1.3/authors.html 533,2804 605,2828
rect ../index.html?filename=1.3/changes.html 533,2837 605,2861
rect ../index.html?filename=1.3/features.html 533,2871 605,2895
rect ../index.html?filename=1.3/pressrelease1.0.html 533,2904 605,2928
rect ../index.html?filename=1.3/pressrelease1.1.html 533,2937 605,2961
rect ../index.html?filename=1.3/screenshots1.html 507,2971 632,2995
rect ../index.html?filename=1.3/screenshots2.html 669,2953 795,2977
rect ../index.html?filename=1.3/screenshots3.html 669,2987 795,3011
rect ../index.html?filename=events/akademy2004.html 328,2871 405,2895
rect ../index.html?filename=events/akademy2006.html 328,2904 405,2928
rect ../index.html?filename=events/kastle2003.html 331,2937 403,2961
rect ../index.html?filename=events/linuxtag2000.html 331,2971 403,2995
rect ../index.html?filename=events/linuxtag2001.html 331,3004 403,3028
