base referer
rect ../index.html?filename=HEAD/authors.html 303,5 380,29
rect ../index.html?filename=HEAD/kdevelop.html 112,172 197,196
rect ../index.html?filename=HEAD/branches_compiling.html 268,39 415,63
rect ../index.html?filename=HEAD/changes.html 295,72 388,96
rect ../HEAD/doc/api/ 299,105 384,129
rect ../HEAD/doc/platform/ 305,139 377,163
rect ../index.html?filename=HEAD/download.html 305,172 377,196
rect ../index.html?filename=HEAD/faq.html 305,205 377,229
rect ../index.html?filename=HEAD/features.html 301,239 381,263
rect ../index.html?filename=HEAD/requirements.html 291,272 392,296
rect ../index.html?filename=HEAD/screenshots1.html 263,305 420,329
rect ../index.html?filename=HEAD/ChangeLog.html 469,72 635,96
rect ../index.html?filename=main.html 5,805 77,829
rect ../index.html?filename=3.5/kdevelop.html 115,405 195,429
rect ../index.html?filename=main2007.html 116,439 193,463
rect ../index.html?filename=awards.html 119,472 191,496
rect ../index.html?filename=bugs.html 113,505 196,529
rect ../chat/ 119,539 191,563
rect ../index.html?filename=current_work.html 115,572 195,596
rect ../index.html?filename=doc/technotes/index.html 103,605 207,629
rect ../index.html?filename=in_the_press.html 119,639 191,663
rect ../index.html?filename=join-the-team.html 119,672 191,696
rect ../index.html?filename=license.html 119,705 191,729
rect ../index.html?filename=links_development.html 101,739 208,763
rect ../index.html?filename=links_tools.html 109,772 200,796
rect ../index.html?filename=logos_banners.html 105,805 204,829
rect ../index.html?filename=mailinglist.html 119,839 191,863
rect ../mediawiki/ 119,872 191,896
rect ../index.html?filename=website_translation_status.html 97,905 212,929
rect ../phorum5/ 119,939 191,963
rect ../index.html?filename=pic_corner.html 107,972 203,996
rect ../index.html?filename=splashscreens.html 100,1005 209,1029
rect ../index.html?filename=sponsors.html 119,1039 191,1063
rect ../index.html?filename=stats.html 103,1072 207,1096
rect ../index.html?filename=tutorials.html 115,1105 195,1129
rect ../index.html?filename=upload.html 109,1139 200,1163
rect ../index.html?filename=users.html 103,1172 207,1196
rect ../index.html?filename=versions.html 112,1888 197,1912
rect ../index.html?filename=events.html 119,2920 191,2944
rect ../index.html?filename=HEAD/screenshots2.html 473,289 631,313
rect ../index.html?filename=HEAD/screenshots3.html 473,323 631,347
rect ../index.html?filename=3.5/authors.html 305,339 377,363
rect ../index.html?filename=3.5/branches_compiling.html 273,372 409,396
rect ../index.html?filename=3.5/changes.html 299,405 384,429
rect ../index.html?filename=3.5/download.html 305,439 377,463
rect ../index.html?filename=3.5/requirements.html 295,472 388,496
rect ../index.html?filename=3.5/ChangeLog.html 473,405 631,429
rect ../index.html?filename=main1999.html 696,423 771,447
rect ../index.html?filename=main2005.html 513,505 591,529
rect ../index.html?filename=main2000.html 695,456 772,480
rect ../index.html?filename=main2001.html 695,489 772,513
rect ../index.html?filename=main2002.html 695,523 772,547
rect ../index.html?filename=main2003.html 695,556 772,580
rect ../index.html?filename=main2004.html 695,589 772,613
rect ../index.html?filename=main2006.html 303,505 380,529
rect ../index.html?filename=optional_files_translation_status.html 232,905 451,929
rect ../3.0/doc/kmditutorial/index.html 292,1021 391,1045
rect ../index.html?filename=3.0/doc/tutorial_autoconf.html 233,1055 449,1079
rect ../3.0/doc/tutorial_qtopia/index.html 291,1088 392,1112
rect ../3.0/doc/tutorial_settings/index.html 253,1121 429,1145
rect ../index.html?filename=3.4/kdevelop.html 301,1155 381,1179
rect ../index.html?filename=3.3/kdevelop.html 301,1420 381,1444
rect ../index.html?filename=3.2/kdevelop.html 301,1737 381,1761
rect ../index.html?filename=3.1/kdevelop.html 301,2037 381,2061
rect ../index.html?filename=3.0/kdevelop.html 301,2371 381,2395
rect ../index.html?filename=2.1/kdevelop.html 305,2637 377,2661
rect ../index.html?filename=1.3/kdevelop.html 305,2837 377,2861
rect ../index.html?filename=3.4/announce-kdevelop-3.4.html 505,971 599,995
rect ../index.html?filename=3.4/authors.html 516,1004 588,1028
rect ../index.html?filename=3.4/branches_compiling.html 484,1037 620,1061
rect ../index.html?filename=3.4/changes.html 509,1071 595,1095
rect ../index.html?filename=3.4/download.html 516,1104 588,1128
rect ../index.html?filename=3.4/faq.html 516,1137 588,1161
rect ../index.html?filename=3.4/features.html 516,1171 588,1195
rect ../index.html?filename=3.4/requirements.html 505,1204 599,1228
rect ../index.html?filename=3.4/screenshots1.html 477,1237 627,1261
rect ../index.html?filename=3.4/ChangeLog.html 655,1071 812,1095
rect ../index.html?filename=3.4/screenshots2.html 659,1221 808,1245
rect ../index.html?filename=3.4/screenshots3.html 659,1255 808,1279
rect ../index.html?filename=3.3/announce-kdevelop-3.3.html 505,1271 599,1295
rect ../index.html?filename=3.3/authors.html 516,1304 588,1328
rect ../index.html?filename=3.3/branches_compiling.html 484,1337 620,1361
rect ../index.html?filename=3.3/changes.html 509,1371 595,1395
rect ../index.html?filename=3.3/download.html 516,1404 588,1428
rect ../index.html?filename=3.3/faq.html 516,1437 588,1461
rect ../index.html?filename=3.3/features.html 516,1471 588,1495
rect ../index.html?filename=3.3/requirements.html 505,1504 599,1528
rect ../index.html?filename=3.3/screenshots1.html 477,1537 627,1561
rect ../index.html?filename=3.3/ChangeLog.html 655,1371 812,1395
rect ../index.html?filename=3.3/screenshots2.html 659,1521 808,1545
rect ../index.html?filename=3.3/screenshots3.html 659,1555 808,1579
rect ../index.html?filename=3.2/announce-kdevelop-3.2.html 505,1571 599,1595
rect ../index.html?filename=3.2/authors.html 516,1604 588,1628
rect ../index.html?filename=3.2/branches_compiling.html 484,1637 620,1661
rect ../index.html?filename=3.2/changes.html 509,1671 595,1695
rect ../index.html?filename=3.2/download.html 516,1704 588,1728
rect ../index.html?filename=3.2/faq.html 516,1737 588,1761
rect ../index.html?filename=3.2/features.html 516,1771 588,1795
rect ../index.html?filename=3.2/kdevelop_po_status.html 493,1804 611,1828
rect ../index.html?filename=3.2/requirements.html 505,1837 599,1861
rect ../index.html?filename=3.2/screenshots1.html 477,1871 627,1895
rect ../index.html?filename=3.2/screenshots2.html 659,1853 808,1877
rect ../index.html?filename=3.2/screenshots3.html 659,1887 808,1911
rect ../index.html?filename=3.1/announce-kdevelop-3.1.html 505,1904 599,1928
rect ../index.html?filename=3.1/authors.html 516,1937 588,1961
rect ../index.html?filename=3.1/branches_compiling.html 484,1971 620,1995
rect ../index.html?filename=3.1/changes.html 509,2004 595,2028
rect ../index.html?filename=3.1/download.html 516,2037 588,2061
rect ../index.html?filename=3.1/faq.html 516,2071 588,2095
rect ../index.html?filename=3.1/features.html 516,2104 588,2128
rect ../index.html?filename=3.1/kdevelop_po_status.html 493,2137 611,2161
rect ../index.html?filename=3.1/requirements.html 505,2171 599,2195
rect ../index.html?filename=3.1/screenshots1.html 477,2204 627,2228
rect ../index.html?filename=3.1/screenshots2.html 659,2204 808,2228
rect ../index.html?filename=3.0/announce-kdevelop-3.0.html 505,2237 599,2261
rect ../index.html?filename=3.0/authors.html 516,2271 588,2295
rect ../index.html?filename=3.0/branches_compiling.html 484,2304 620,2328
rect ../index.html?filename=3.0/changes.html 509,2337 595,2361
rect ../index.html?filename=3.0/download.html 516,2371 588,2395
rect ../index.html?filename=3.0/faq.html 516,2404 588,2428
rect ../index.html?filename=3.0/features.html 516,2437 588,2461
rect ../index.html?filename=3.0/kdevelop_po_status.html 493,2471 611,2495
rect ../index.html?filename=3.0/requirements.html 505,2504 599,2528
rect ../index.html?filename=3.0/screenshots1.html 477,2537 627,2561
rect ../index.html?filename=3.0/screenshots2.html 659,2520 808,2544
rect ../index.html?filename=3.0/screenshots3.html 659,2553 808,2577
rect ../index.html?filename=2.1/announce-kdevelop-2.0.html 505,2571 599,2595
rect ../index.html?filename=2.1/authors.html 516,2604 588,2628
rect ../index.html?filename=2.1/changes.html 513,2637 591,2661
rect ../index.html?filename=2.1/faq.html 516,2671 588,2695
rect ../index.html?filename=2.1/features.html 516,2704 588,2728
rect ../index.html?filename=2.1/screenshots1.html 481,2737 623,2761
rect ../index.html?filename=2.1/screenshots2.html 663,2721 804,2745
rect ../index.html?filename=2.1/screenshots3.html 663,2755 804,2779
rect ../index.html?filename=1.3/announce-kdevelop-1.3.html 505,2771 599,2795
rect ../index.html?filename=1.3/authors.html 516,2804 588,2828
rect ../index.html?filename=1.3/changes.html 513,2837 591,2861
rect ../index.html?filename=1.3/features.html 516,2871 588,2895
rect ../index.html?filename=1.3/pressrelease1.0.html 513,2904 591,2928
rect ../index.html?filename=1.3/pressrelease1.1.html 513,2937 591,2961
rect ../index.html?filename=1.3/screenshots1.html 481,2971 623,2995
rect ../index.html?filename=1.3/screenshots2.html 663,2953 804,2977
rect ../index.html?filename=1.3/screenshots3.html 663,2987 804,3011
rect ../index.html?filename=events/akademy2004.html 303,2871 380,2895
rect ../index.html?filename=events/akademy2006.html 303,2904 380,2928
rect ../index.html?filename=events/kastle2003.html 305,2937 377,2961
rect ../index.html?filename=events/linuxtag2000.html 305,2971 377,2995
rect ../index.html?filename=events/linuxtag2001.html 305,3004 377,3028
